******************************************************************************
                  TI ARM Linker PC v20.2.5                     
******************************************************************************
>> Linked Sat Mar 12 15:08:17 2022

OUTPUT FILE NAME:   <PVTOL_04x.out>
ENTRY POINT SYMBOL: "_c_int00"  address: 00014d80


MEMORY CONFIGURATION

         name            origin    length      used     unused   attr    fill
----------------------  --------  ---------  --------  --------  ----  --------
  VECTORS               00000000   00000020  00000020  00000000     X
  KERNEL                00000020   00008000  000050ec  00002f14  R  X
  FLASH0                00008020   00057fe0  0000fe34  000481ac  R  X
  STACKS                08000000   00000800  00000000  00000800  RW  
  KRAM                  08000800   00000800  00000104  000006fc  RW  
  RAM                   08001000   00007000  00002164  00004e9c  RW  


SEGMENT ALLOCATION MAP

run origin  load origin   length   init length attrs members
----------  ----------- ---------- ----------- ----- -------
00000000    00000000    00005110   00005110    r-x
  00000000    00000000    00000020   00000020    r-x .intvecs
  00000020    00000020    0000508c   0000508c    r-x .kernelTEXT
  000050b0    000050b0    00000060   00000060    r-- .cinit
00008020    00008020    0000fe38   0000fe38    r-x
  00008020    00008020    0000f704   0000f704    r-x .text
  00017728    00017728    00000730   00000730    r-- .const
08000800    08000800    00000104   00000000    rw-
  08000800    08000800    00000104   00000000    rw- .kernelBSS
08001000    08001000    00002164   00000000    rw-
  08001000    08001000    00002000   00000000    rw- .kernelHEAP
  08003000    08003000    000000cc   00000000    rw- .bss
  080030cc    080030cc    00000098   00000000    rw- .data


SECTION ALLOCATION MAP

 output                                  attributes/
section   page    origin      length       input sections
--------  ----  ----------  ----------   ----------------
.intvecs   0    00000000    00000020     
                  00000000    00000020     sys_intvecs.obj (.intvecs)

.kernelTEXT 
*          0    00000020    0000508c     
                  00000020    00002bb8     os_tasks.obj (.kernelTEXT)
                  00002bd8    000011d4     os_queue.obj (.kernelTEXT)
                  00003dac    00000818     os_event_groups.obj (.kernelTEXT)
                  000045c4    000003bc     os_port.obj (.kernelTEXT)
                  00004980    000003b0     os_portasm.obj (.kernelTEXT)
                  00004d30    0000037c     os_heap.obj (.kernelTEXT)

.cinit     0    000050b0    00000060     
                  000050b0    00000015     (.cinit..data.load) [load image, compression = lzss]
                  000050c5    00000003     --HOLE-- [fill = 0]
                  000050c8    0000000c     (__TI_handler_table)
                  000050d4    00000009     (.cinit..kernelBSS.load) [load image, compression = lzss]
                  000050dd    00000003     --HOLE-- [fill = 0]
                  000050e0    00000008     (.cinit..bss.load) [load image, compression = zero_init]
                  000050e8    00000008     (.cinit..kernelHEAP.load) [load image, compression = zero_init]
                  000050f0    00000020     (__TI_cinit_table)

.text      0    00008020    0000f704     
                  00008020    000024f0     sys_selftest.obj (.text)
                  0000a510    00001584     MPU9250.obj (.text)
                  0000ba94    00000ff0     rtsv7R4_A_be_eabi.lib : _printfi.c.obj (.text:__TI_printfi)
                  0000ca84    00000e8c                           : e_pow.c.obj (.text:pow)
                  0000d910    00000dec     sys_main.obj (.text)
                  0000e6fc    00000ae0     spi.obj (.text)
                  0000f1dc    00000aa0     system.obj (.text)
                  0000fc7c    000009a0     os_mpu_wrappers.obj (.text)
                  0001061c    000008fc     het.obj (.text)
                  00010f18    0000089c     sys_vim.obj (.text)
                  000117b4    000006e4     sci.obj (.text)
                  00011e98    00000664     errata_SSWF021_45.obj (.text)
                  000124fc    000005bc     esm.obj (.text)
                  00012ab8    000004c8     spi.obj (.text:retain)
                  00012f80    0000044c     rtsv7R4_A_be_eabi.lib : s_atan.c.obj (.text:atan)
                  000133cc    00000384     sci.obj (.text:retain)
                  00013750    0000036c     gio.obj (.text)
                  00013abc    00000364     rtsv7R4_A_be_eabi.lib : _printfi.c.obj (.text:_pconv_a)
                  00013e20    000002d0     sys_core.obj (.text)
                  000140f0    000002c0     rtsv7R4_A_be_eabi.lib : _printfi.c.obj (.text:_pconv_g)
                  000143b0    000002b8                           : ull_div32.asm.obj (.text)
                  00014668    00000278     os_heap.obj (.text)
                  000148e0    00000268     sys_vim.obj (.text:retain)
                  00014b48    00000238     os_list.obj (.text)
                  00014d80    00000214     sys_startup.obj (.text:retain)
                  00014f94    00000214     rtsv7R4_A_be_eabi.lib : fd_add32.asm.obj (.text)
                  000151a8    000001ec                           : e_sqrt.c.obj (.text:sqrt)
                  00015394    000001b0                           : _printfi.c.obj (.text:_pconv_e)
                  00015544    000001b0     os_port.obj (.text)
                  000156f4    000001ac     rtsv7R4_A_be_eabi.lib : _printfi.c.obj (.text:fcvt)
                  000158a0    00000198     PWM.obj (.text)
                  00015a38    00000190     rtsv7R4_A_be_eabi.lib : fd_div32.asm.obj (.text)
                  00015bc8    00000180                           : memcpy32.asm.obj (.text)
                  00015d48    00000158                           : s_floor.c.obj (.text:floor)
                  00015ea0    00000158     os_tasks.obj (.text)
                  00015ff8    00000150     pinmux.obj (.text)
                  00016148    00000134     rtsv7R4_A_be_eabi.lib : fs_add32.asm.obj (.text)
                  0001627c    00000128                           : fd_mul32.asm.obj (.text)
                  000163a4    00000120                           : s_scalbn.c.obj (.text:scalbn)
                  000164c4    00000115                           : _printfi.c.obj (.text:_ltostr)
                  000165d9    00000003     --HOLE-- [fill = 0]
                  000165dc    000000ec     esm.obj (.text:retain)
                  000166c8    000000e8     dabort.obj (.text)
                  000167b0    000000e4     notification.obj (.text)
                  00016894    000000e0     rtsv7R4_A_be_eabi.lib : fd_cmp32.asm.obj (.text:__aeabi_cdcmple)
                  00016974    000000e0                           : fd_cmp32.asm.obj (.text:__aeabi_cdrcmple)
                  00016a54    000000e0     sys_pmu.obj (.text)
                  00016b34    000000d4     rtsv7R4_A_be_eabi.lib : fs_div32.asm.obj (.text)
                  00016c08    000000c8                           : _printfi.c.obj (.text:_mcpy)
                  00016cd0    000000b0                           : memset32.asm.obj (.text)
                  00016d80    000000a8                           : fs_mul32.asm.obj (.text)
                  00016e28    0000009c                           : fd_tos32.asm.obj (.text)
                  00016ec4    00000098                           : _printfi.c.obj (.text:_ecpy)
                  00016f5c    00000090                           : copy_decompress_lzss.c.obj (.text:decompress:lzss:__TI_decompress_lzss)
                  00016fec    00000084                           : _printfi.c.obj (.text:_pconv_f)
                  00017070    00000084                           : atoi.c.obj (.text:atoi)
                  000170f4    00000080                           : _ltoa.c.obj (.text:__TI_ltoa)
                  00017174    0000007c                           : s_frexp.c.obj (.text:frexp)
                  000171f0    00000068                           : autoinit.c.obj (.text:__TI_auto_init_nobinit_nopinit:__TI_auto_init_nobinit_nopinit)
                  00017258    00000064                           : _printfi.c.obj (.text:_fcpy)
                  000172bc    00000064                           : sprintf.c.obj (.text:sprintf)
                  00017320    0000005c                           : fd_toi32.asm.obj (.text)
                  0001737c    0000005c                           : fs_tod32.asm.obj (.text)
                  000173d8    00000058                           : fd_tou32.asm.obj (.text)
                  00017430    00000054                           : i_div32.asm.obj (.text)
                  00017484    00000050                           : u_div32.asm.obj (.text)
                  000174d4    0000004c                           : fs_toi32.asm.obj (.text)
                  00017520    0000004c                           : i_tofs32.asm.obj (.text)
                  0001756c    0000003c                           : i_tofd32.asm.obj (.text)
                  000175a8    00000034                           : u_tofd32.asm.obj (.text)
                  000175dc    00000030                           : sprintf.c.obj (.text:_outs)
                  0001760c    00000030                           : memccpy.c.obj (.text:memccpy)
                  0001763c    00000028                           : strchr.c.obj (.text:strchr)
                  00017664    00000024                           : wcslen.c.obj (.text:wcslen)
                  00017688    00000020                           : strlen.c.obj (.text:strlen)
                  000176a8    00000018                           : strcpy.c.obj (.text:strcpy)
                  000176c0    00000014                           : sprintf.c.obj (.text:_outc)
                  000176d4    00000014                           : copy_decompress_none.c.obj (.text:decompress:none:__TI_decompress_none)
                  000176e8    00000010                           : copy_zero_init.c.obj (.text:decompress:ZI:__TI_zero_init)
                  000176f8    0000000c                           : errno.c.obj (.text:__aeabi_errno_addr)
                  00017704    0000000c                           : s_copysign.c.obj (.text:copysign)
                  00017710    00000008                           : exit.c.obj (.text:abort:abort)
                  00017718    00000004     sys_phantom.obj (.text:retain)
                  0001771c    00000004     rtsv7R4_A_be_eabi.lib : div0.asm.obj (.text)
                  00017720    00000004     sys_startup.obj (.text)

.const     0    00017728    00000730     
                  00017728    000003a0     het.obj (.const:het1PROGRAM)
                  00017ac8    00000180     sys_vim.obj (.const:s_vim_init)
                  00017c48    00000101     rtsv7R4_A_be_eabi.lib : ctype.c.obj (.const:.string:_ctypes_)
                  00017d49    00000007     --HOLE-- [fill = 0]
                  00017d50    00000058                           : s_atan.c.obj (.const:aT)
                  00017da8    00000020                           : s_atan.c.obj (.const:atanhi)
                  00017dc8    00000020                           : s_atan.c.obj (.const:atanlo)
                  00017de8    00000020     PWM.obj (.const:s_het1pwmPolarity)
                  00017e08    00000020     het.obj (.const:s_het1pwmPolarity)
                  00017e28    00000010     rtsv7R4_A_be_eabi.lib : e_pow.c.obj (.const:bp)
                  00017e38    00000010                           : e_pow.c.obj (.const:dp_h)
                  00017e48    00000010                           : e_pow.c.obj (.const:dp_l)

.kernelBSS 
*          0    08000800    00000104     UNINITIALIZED
                  08000800    000000d0     os_tasks.obj (.kernelBSS:uninit)
                  080008d0    00000034     os_tasks.obj (.kernelBSS:init)

.kernelHEAP 
*          0    08001000    00002000     UNINITIALIZED
                  08001000    00002000     os_heap.obj (.kernelHEAP)

.bss       0    08003000    000000cc     UNINITIALIZED
                  08003000    00000048     spi.obj (.bss:g_spiPacket_t)
                  08003048    00000020     (.common:command)
                  08003068    00000014     sci.obj (.bss:g_sciTransfer_t)
                  0800307c    00000004     (.common:SPI1_data_configCh2)
                  08003080    00000010     (.common:BLDC_1)
                  08003090    00000010     (.common:BLDC_2)
                  080030a0    0000000c     (.common:sciBuffer)
                  080030ac    00000008     sys_main.obj (.bss:BuffReceive)
                  080030b4    00000008     os_heap.obj (.bss:xStart)
                  080030bc    00000008     (.common:buffer)
                  080030c4    00000008     (.common:cadenaTemporal)

.data      0    080030cc    00000098     UNINITIALIZED
                  080030cc    0000005c     sys_main.obj (.data)
                  08003128    00000010     os_heap.obj (.data)
                  08003138    0000000e     MPU9250.obj (.data:AK8963ReadOut)
                  08003146    00000008     MPU9250.obj (.data:ComandoSPI_MPU)
                  0800314e    00000008     MPU9250.obj (.data:DatoSPI01_MPU)
                  08003156    00000002     --HOLE--
                  08003158    00000008     os_port.obj (.data)
                  08003160    00000004     rtsv7R4_A_be_eabi.lib : errno.c.obj (.data)

__llvm_prf_cnts 
*          0    08001000    00000000     UNINITIALIZED

MODULE SUMMARY

       Module                       code    ro data   rw data
       ------                       ----    -------   -------
    .\source\
       os_tasks.obj                 11536   0         260    
       os_heap.obj                  1524    0         8216   
       sys_selftest.obj             9456    0         0      
       MPU9250.obj                  5508    0         66     
       os_queue.obj                 4564    0         0      
       spi.obj                      4008    0         72     
       sys_main.obj                 3564    0         160    
       het.obj                      2300    960       0      
       sys_vim.obj                  2820    384       0      
       system.obj                   2720    0         0      
       sci.obj                      2664    0         20     
       os_mpu_wrappers.obj          2464    0         0      
       os_event_groups.obj          2072    0         0      
       esm.obj                      1704    0         0      
       errata_SSWF021_45.obj        1636    0         0      
       os_port.obj                  1388    0         8      
       os_portasm.obj               944     0         0      
       gio.obj                      876     0         0      
       sys_core.obj                 720     0         0      
       os_list.obj                  568     0         0      
       sys_startup.obj              536     0         0      
       PWM.obj                      408     32        0      
       pinmux.obj                   336     0         0      
       dabort.obj                   232     0         0      
       notification.obj             228     0         0      
       sys_pmu.obj                  224     0         0      
       sys_intvecs.obj              32      0         0      
       sys_phantom.obj              4       0         0      
    +--+----------------------------+-------+---------+---------+
       Total:                       65036   1376      8802   
                                                             
    C:\ti\ccs1110\ccs\tools\compiler\ti-cgt-arm_20.2.5.LTS\lib\rtsv7R4_A_be_eabi.lib
       _printfi.c.obj               7373    0         0      
       e_pow.c.obj                  3724    48        0      
       s_atan.c.obj                 1100    152       0      
       ull_div32.asm.obj            696     0         0      
       fd_add32.asm.obj             532     0         0      
       e_sqrt.c.obj                 492     0         0      
       fd_cmp32.asm.obj             448     0         0      
       fd_div32.asm.obj             400     0         0      
       memcpy32.asm.obj             384     0         0      
       s_floor.c.obj                344     0         0      
       fs_add32.asm.obj             308     0         0      
       fd_mul32.asm.obj             296     0         0      
       s_scalbn.c.obj               288     0         0      
       ctype.c.obj                  0       257       0      
       fs_div32.asm.obj             212     0         0      
       memset32.asm.obj             176     0         0      
       fs_mul32.asm.obj             168     0         0      
       sprintf.c.obj                168     0         0      
       fd_tos32.asm.obj             156     0         0      
       copy_decompress_lzss.c.obj   144     0         0      
       atoi.c.obj                   132     0         0      
       _ltoa.c.obj                  128     0         0      
       s_frexp.c.obj                124     0         0      
       autoinit.c.obj               104     0         0      
       fd_toi32.asm.obj             92      0         0      
       fs_tod32.asm.obj             92      0         0      
       fd_tou32.asm.obj             88      0         0      
       i_div32.asm.obj              84      0         0      
       u_div32.asm.obj              80      0         0      
       fs_toi32.asm.obj             76      0         0      
       i_tofs32.asm.obj             76      0         0      
       i_tofd32.asm.obj             60      0         0      
       u_tofd32.asm.obj             52      0         0      
       memccpy.c.obj                48      0         0      
       strchr.c.obj                 40      0         0      
       wcslen.c.obj                 36      0         0      
       strlen.c.obj                 32      0         0      
       strcpy.c.obj                 24      0         0      
       copy_decompress_none.c.obj   20      0         0      
       copy_zero_init.c.obj         16      0         0      
       errno.c.obj                  12      0         4      
       s_copysign.c.obj             12      0         0      
       exit.c.obj                   8       0         0      
       div0.asm.obj                 4       0         0      
    +--+----------------------------+-------+---------+---------+
       Total:                       18849   457       4      
                                                             
       Linker Generated:            0       90        0      
    +--+----------------------------+-------+---------+---------+
       Grand Total:                 83885   1923      8806   


LINKER GENERATED COPY TABLES

__TI_cinit_table @ 000050f0 records: 4, size/record: 8, table size: 32
	.data: load addr=000050b0, load size=00000015 bytes, run addr=080030cc, run size=00000098 bytes, compression=lzss
	.kernelBSS: load addr=000050d4, load size=00000009 bytes, run addr=08000800, run size=00000104 bytes, compression=lzss
	.bss: load addr=000050e0, load size=00000008 bytes, run addr=08003000, run size=000000cc bytes, compression=zero_init
	.kernelHEAP: load addr=000050e8, load size=00000008 bytes, run addr=08001000, run size=00002000 bytes, compression=zero_init


LINKER GENERATED HANDLER TABLE

__TI_handler_table @ 000050c8 records: 3, size/record: 4, table size: 12
	index: 0, handler: __TI_decompress_lzss
	index: 1, handler: __TI_decompress_none
	index: 2, handler: __TI_zero_init


GLOBAL SYMBOLS: SORTED ALPHABETICALLY BY Name 

address   name                                  
-------   ----                                  
08003138  AK8963ReadOut                         
08003080  BLDC_1                                
08003090  BLDC_2                                
00017710  C$$EXIT                               
08003146  ComandoSPI_MPU                        
08003108  DC_BLDC1                              
0800310c  DC_BLDC2                              
0800314e  DatoSPI01_MPU                         
080030d4  Kd_1                                  
080030e0  Kd_2                                  
080030d0  Ki_1                                  
080030dc  Ki_2                                  
080030cc  Kp_1                                  
080030d8  Kp_2                                  
0000a510  MPUInit                               
0000fe4c  MPU_eTaskGetState                     
0000ffb4  MPU_pcTaskGetName                     
00010094  MPU_pvTaskGetThreadLocalStoragePointer
000101ac  MPU_ulTaskNotifyTake                  
00010368  MPU_uxQueueMessagesWaiting            
0001039c  MPU_uxQueueSpacesAvailable            
0000ff88  MPU_uxTaskGetNumberOfTasks            
0001001c  MPU_uxTaskGetStackHighWaterMark       
0000fe18  MPU_uxTaskPriorityGet                 
000105f0  MPU_vEventGroupDelete                 
000103d0  MPU_vQueueDelete                      
0000fd24  MPU_vTaskAllocateMPURegions           
0000fd84  MPU_vTaskDelay                        
0000fdb0  MPU_vTaskDelayUntil                   
0000fd58  MPU_vTaskDelete                       
0000fe80  MPU_vTaskPrioritySet                  
0000fee0  MPU_vTaskResume                       
00010050  MPU_vTaskSetThreadLocalStoragePointer 
00010224  MPU_vTaskSetTimeOutState              
0000feb4  MPU_vTaskSuspend                      
0000ff0c  MPU_vTaskSuspendAll                   
00010514  MPU_xEventGroupClearBits              
0001048c  MPU_xEventGroupCreate                 
00010558  MPU_xEventGroupSetBits                
0001059c  MPU_xEventGroupSync                   
000104b8  MPU_xEventGroupWaitBits               
000103fc  MPU_xQueueGenericCreate               
00010314  MPU_xQueueGenericReceive              
00010448  MPU_xQueueGenericReset                
000102c0  MPU_xQueueGenericSend                 
0000fde4  MPU_xTaskAbortDelay                   
00010250  MPU_xTaskCheckForTimeOut              
0000fc7c  MPU_xTaskCreate                       
0000fce0  MPU_xTaskCreateRestricted             
00010104  MPU_xTaskGenericNotify                
0000ffe8  MPU_xTaskGetHandle                    
000100d8  MPU_xTaskGetIdleTaskHandle            
00010294  MPU_xTaskGetSchedulerState            
0000ff5c  MPU_xTaskGetTickCount                 
000101f0  MPU_xTaskNotifyStateClear             
00010158  MPU_xTaskNotifyWait                   
0000ff30  MPU_xTaskResumeAll                    
UNDEFED   SHT$$INIT_ARRAY$$Base                 
UNDEFED   SHT$$INIT_ARRAY$$Limit                
0800307c  SPI1_data_configCh2                   
0000eed0  SpiRxStatus                           
0000ee74  SpiTxStatus                           
000050f0  __TI_CINIT_Base                       
00005110  __TI_CINIT_Limit                      
000050c8  __TI_Handler_Table_Base               
000050d4  __TI_Handler_Table_Limit              
000140e8  __TI_PINIT_Base                       
000140ec  __TI_PINIT_Limit                      
000171f0  __TI_auto_init_nobinit_nopinit        
00016f5c  __TI_decompress_lzss                  
000176d4  __TI_decompress_none                  
000170f4  __TI_ltoa                             
ffffffff  __TI_pprof_out_hndl                   
0000ba94  __TI_printfi                          
ffffffff  __TI_prof_data_size                   
ffffffff  __TI_prof_data_start                  
00000000  __TI_static_base__                    
000176e8  __TI_zero_init                        
00016894  __aeabi_cdcmpeq                       
00016894  __aeabi_cdcmple                       
00016974  __aeabi_cdrcmple                      
00016e28  __aeabi_d2f                           
00017320  __aeabi_d2iz                          
000173d8  __aeabi_d2uiz                         
00014fa0  __aeabi_dadd                          
00015a38  __aeabi_ddiv                          
0001627c  __aeabi_dmul                          
00014f94  __aeabi_dsub                          
000176f8  __aeabi_errno_addr                    
0001737c  __aeabi_f2d                           
000174d4  __aeabi_f2iz                          
0001614c  __aeabi_fadd                          
00016b34  __aeabi_fdiv                          
00016d80  __aeabi_fmul                          
00016148  __aeabi_fsub                          
0001756c  __aeabi_i2d                           
00017520  __aeabi_i2f                           
00017430  __aeabi_idiv                          
0001771c  __aeabi_idiv0                         
00017430  __aeabi_idivmod                       
0001771c  __aeabi_ldiv0                         
00016cd0  __aeabi_memclr                        
00016cd0  __aeabi_memclr4                       
00016cd0  __aeabi_memclr8                       
00015bc8  __aeabi_memcpy                        
00015bc8  __aeabi_memcpy4                       
00015bc8  __aeabi_memcpy8                       
00016cd4  __aeabi_memset                        
00016cd4  __aeabi_memset4                       
00016cd4  __aeabi_memset8                       
000175a8  __aeabi_ui2d                          
00017484  __aeabi_uidiv                         
00017484  __aeabi_uidivmod                      
000143b0  __aeabi_uldivmod                      
ffffffff  __binit__                             
ffffffff  __c_args__                            
08001000  __start___llvm_prf_cnts               
08001000  __stop___llvm_prf_cnts                
00014d80  _c_int00                              
00014010  _coreClearAuxiliaryDataFault_         
00014024  _coreClearAuxiliaryInstructionFault_  
00013fe8  _coreClearDataFaultAddress_           
00013fc0  _coreClearDataFault_                  
00013ffc  _coreClearInstructionFaultAddress_    
00013fd4  _coreClearInstructionFault_           
00013f54  _coreDisableEventBusExport_           
00013f98  _coreDisableFlashEcc_                 
00013f74  _coreDisableRamEcc_                   
00013f44  _coreEnableEventBusExport_            
00013f84  _coreEnableFlashEcc_                  
00013fa8  _coreEnableIrqVicOffset_              
00013f64  _coreEnableRamEcc_                    
00014008  _coreGetAuxiliaryDataFault_           
0001401c  _coreGetAuxiliaryInstructionFault_    
00013fe0  _coreGetDataFaultAddress_             
00013fb8  _coreGetDataFault_                    
00013ff4  _coreGetInstructionFaultAddress_      
00013fcc  _coreGetInstructionFault_             
00013e20  _coreInitRegisters_                   
00013ed8  _coreInitStackPointer_                
00017c48  _ctypes_                              
000166c8  _dabort                               
00014038  _disable_FIQ_interrupt_               
00014040  _disable_IRQ_interrupt_               
00014030  _disable_interrupt_                   
00014048  _enable_interrupt_                    
000140d8  _errata_CORTEXR4_66_                  
00011e98  _errata_SSWF021_45_both_plls          
0001208c  _errata_SSWF021_45_pll1               
00012204  _errata_SSWF021_45_pll2               
00014050  _esmCcmErrorsClear_                   
00013f24  _getCPSRValue_                        
00013f2c  _gotoCPUIdle_                         
00016ab0  _pmuDisableCountersGlobal_            
00016aa0  _pmuEnableCountersGlobal_             
00016b0c  _pmuGetCycleCount_                    
00016b14  _pmuGetEventCount_                    
00016b20  _pmuGetOverflow_                      
00016a54  _pmuInit_                             
00016ae0  _pmuResetCounters_                    
00016ac0  _pmuResetCycleCounter_                
00016ad0  _pmuResetEventCounters_               
00016b00  _pmuSetCountEvent_                    
00016af0  _pmuStartCounters_                    
00016af8  _pmuStopCounters_                     
UNDEFED   _system_post_cinit                    
00017710  abort                                 
00009004  adc1ParityCheck                       
00012f80  atan                                  
00012f80  atanl                                 
00017070  atoi                                  
ffffffff  binit                                 
0000e0ec  bldcInit                              
080030bc  buffer                                
080030c4  cadenaTemporal                        
000090bc  can1ParityCheck                       
00009198  can2ParityCheck                       
00010c2c  capGetSignal                          
00008030  ccmSelfCheck                          
0000a034  ccmr4GetConfigValue                   
00008938  checkB0RAMECC                         
00008b28  checkB1RAMECC                         
00009604  checkClockMonitor                     
00008d18  checkFlashECC                         
000096d8  checkFlashEEPROMECC                   
00009880  checkPLL1Slip                         
0000999c  checkRAMAddrParity                    
000093bc  checkRAMECC                           
00009aa4  checkRAMUERRTest                      
000087bc  checkefcSelfTest                      
08003048  command                               
0000b474  config_AK8963                         
0000b58c  config_AK8963_VF                      
0000b420  config_MPU_9250                       
0000b540  config_MPU_9250_VF                    
00017704  copysign                              
00017704  copysignl                             
00008234  cpuSelfTest                           
00008dfc  cpuSelfTestFail                       
0000fbbc  customTrimLPO                         
00008df4  custom_dabort                         
080030fc  dcBASE                                
0000a424  disableParity                         
00001f00  eTaskConfirmSleepModeStatus           
00000888  eTaskGetState                         
00010bec  edgeDisableNotification               
00010bb0  edgeEnableNotification                
00010b84  edgeGetCounter                        
0001686c  edgeNotification                      
00010b58  edgeResetCounter                      
00008660  efcCheck                              
00009f98  efcGetConfigValue                     
00008794  efcSelfTest                           
000086e8  efcStuckZeroTest                      
0000a3d0  enableParity                          
0000a0b0  errata_PBIST_4                        
08003160  errno                                 
080030ec  error_1                               
080030f0  error_2                               
00012680  esmActivateNormalOperation            
00012754  esmClearStatus                        
00012794  esmClearStatusBuffer                  
00012648  esmDisableError                       
000126b8  esmDisableInterrupt                   
00012620  esmEnableError                        
00012690  esmEnableInterrupt                    
0001288c  esmEnterSelfTest                      
00012604  esmError                              
00012964  esmGetConfigValue                     
000127d0  esmGetStatus                          
00012854  esmGetStatusBuffer                    
000167b0  esmGroup1Notification                 
000167c0  esmGroup2Notification                 
000165dc  esmHighInterrupt                      
000124fc  esmInit                               
00012914  esmSelfTestStatus                     
000127b0  esmSetCounterPreloadValue             
000126e0  esmSetInterruptLevel                  
00012670  esmTriggerErrorPinReset               
00015d48  floor                                 
00015d48  floorl                                
00009c00  fmcBus1ParityCheck                    
0000885c  fmcBus2Check                          
00008898  fmcECCcheck                           
00017174  frexp                                 
00017174  frexpl                                
00013948  gioDisableNotification                
0001390c  gioEnableNotification                 
00013874  gioGetBit                             
00013984  gioGetConfigValue                     
0001389c  gioGetPort                            
00013750  gioInit                               
00016808  gioNotification                       
00013804  gioSetBit                             
000137e4  gioSetDirection                       
00013854  gioSetPort                            
000138b4  gioToggleBit                          
00017720  handlePLLLockFail                     
00010d40  het1GetConfigValue                    
00008eac  het1ParityCheck                       
00010d28  hetGetTimestamp                       
0001061c  hetInit                               
00016880  hetNotification                       
00010d0c  hetResetTimestamp                     
00008f4c  htu1ParityCheck                       
000163a4  ldexp                                 
000163a4  ldexpl                                
0000e084  limitControl                          
00013574  linHighLevelInterrupt                 
000133cc  linLowLevelInterrupt                  
0000d910  main                                  
0000f334  mapClocks                             
0001760c  memccpy                               
00015bc8  memcpy                                
00008174  memoryInit                            
000167d0  memoryPort0TestFailNotification       
000167ec  memoryPort1TestFailNotification       
00016ce0  memset                                
00012cf8  mibspi1HighLevelInterrupt             
00012ab8  mibspi1LowLevelInterrupt              
00009260  mibspi1ParityCheck                    
0000ae0c  mpuGetAccAngle_Y                      
0000a994  mpuGetGyroAccel                       
00015ff8  muxInit                               
08003100  offset1                               
08003104  offset2                               
00009d2c  pbistFail                             
00009db0  pbistGetConfigValue                   
000085a8  pbistIsTestCompleted                  
000085d4  pbistIsTestPassed                     
00008608  pbistPortTestStatus                   
000084ac  pbistRun                              
000082cc  pbistSelfCheck                        
00008578  pbistStop                             
00001344  pcTaskGetName                         
0000f2e0  periphInit                            
00017718  phantomInterrupt                      
00016080  pinmuxGetConfigValue                  
0000caac  pow                                   
0000caac  powl                                  
080030f4  preverror_1                           
080030f8  preverror_2                           
00004d08  prvMpuDisable                         
00004cf0  prvMpuEnable                          
00004cd8  prvMpuSetRegion                       
00004d30  pvPortMalloc                          
00001fe0  pvTaskGetThreadLocalStoragePointer    
00010b28  pwmDisableNotification                
00010ae0  pwmEnableNotification                 
000109f8  pwmGetSignal                          
00016854  pwmNotification                       
00010744  pwmSetDuty                            
00010880  pwmSetSignal                          
000158a0  pwmSetSignal10e3                      
000106dc  pwmStart                              
00010710  pwmStop                               
080008d0  pxCurrentTCB                          
000045c4  pxPortInitialiseStack                 
0000a788  read_AK8963                           
0000b64c  read_AK8963_VF                        
0000a600  read_MANG_AK8963                      
0000b834  read_MANG_AK8963_VF                   
0000aee8  read_MPU_ACEL_TMP_VF                  
00000000  resetEntry                            
000163a4  scalbn                                
000163a4  scalbnl                               
080030a0  sciBuffer                             
00011c00  sciDisableLoopback                    
00011c58  sciDisableNotification                
00011bcc  sciEnableLoopback                     
00011c1c  sciEnableNotification                 
00011c94  sciEnterResetState                    
0000ba40  sciEnviarDatos                        
00011cb4  sciExitResetState                     
000117b4  sciInit                               
00011ab4  sciIsIdleDetected                     
00011a98  sciIsRxReady                          
00011978  sciIsTxReady                          
08003118  sciKd_1                               
08003124  sciKd_2                               
08003114  sciKi_1                               
08003120  sciKi_2                               
08003110  sciKp_1                               
0800311c  sciKp_2                               
0000e398  sciNotification                       
00011b2c  sciReceive                            
00011b00  sciReceiveByte                        
00011ad0  sciRxError                            
000119c4  sciSend                               
00011994  sciSendByte                           
000118c0  sciSetBaudrate                        
000118a0  sciSetFunctional                      
00011cec  scilinGetConfigValue                  
00008020  selftestFailNotification              
0000f2a0  setupFlash                            
0000f1dc  setupPLL                              
0000efd8  spi1GetConfigValue                    
0000ef60  spiDisableLoopback                    
0000efac  spiDisableNotification                
0000ef2c  spiEnableLoopback                     
0000ef7c  spiEnableNotification                 
00016844  spiEndNotification                    
0000e96c  spiGetData                            
0000e6fc  spiInit                               
00016830  spiNotification                       
0000e850  spiReceiveData                        
0000ed64  spiSendAndGetData                     
0000eb60  spiSendData                           
0000e830  spiSetFunctional                      
0000ec28  spiTransmitAndReceiveData             
0000ea34  spiTransmitData                       
000172bc  sprintf                               
000151a8  sqrt                                  
000151a8  sqrtl                                 
0000fa80  sramGetConfigValue                    
00009ef8  stcGetConfigValue                     
000081b8  stcSelfCheck                          
00008df8  stcSelfCheckFail                      
0001763c  strchr                                
000176a8  strcpy                                
00017688  strlen                                
0000f514  systemGetConfigValue                  
0000f418  systemInit                            
0000f4e4  systemPowerDown                       
0000f8d4  tcmflashGetConfigValue                
080030e4  theta                                 
0000f22c  trimLPO                               
08003158  ulCriticalNesting                     
00004c14  ulPortCountLeadingZeros               
0800315c  ulTaskHasFPUContext                   
00002378  ulTaskNotifyTake                      
080030e8  usDistance                            
0000e2cc  usRanging                             
00014cf4  uxListRemove                          
000038e8  uxQueueMessagesWaiting                
0000396c  uxQueueMessagesWaitingFromISR         
00003920  uxQueueSpacesAvailable                
00001338  uxTaskGetNumberOfTasks                
00002224  uxTaskGetStackHighWaterMark           
0000098c  uxTaskPriorityGet                     
000009d0  uxTaskPriorityGetFromISR              
0000233c  uxTaskResetEventItemValue             
0000dba4  vControl                              
0000453c  vEventGroupClearBitsCallback          
0000449c  vEventGroupDelete                     
00004520  vEventGroupSetBitsCallback            
00014b48  vListInitialise                       
00014ba0  vListInitialiseItem                   
00014c30  vListInsert                           
00014bbc  vListInsertEnd                        
0000494c  vPortEndScheduler                     
00004f84  vPortFree                             
00005094  vPortInitialiseBlocks                 
00004b54  vPortPreemptiveTick                   
00004c1c  vPortSWI                              
00004984  vPortStartFirstTask                   
000046b4  vPortStoreTaskMPUSettings             
00004aa0  vPortYeildWithinAPI                   
000049f4  vPortYieldProcessor                   
0000399c  vQueueDelete                          
0000d99c  vSensors                              
0000204c  vTaskAllocateMPURegions               
00000804  vTaskDelay                            
00000698  vTaskDelayUntil                       
00000530  vTaskDelete                           
00001074  vTaskEndScheduler                     
00001ef0  vTaskMissedYield                      
00002930  vTaskNotifyGiveFromISR                
00001ab8  vTaskPlaceOnEventList                 
00001afc  vTaskPlaceOnUnorderedEventList        
00000a18  vTaskPrioritySet                      
00000e14  vTaskResume                           
00001f7c  vTaskSetThreadLocalStoragePointer     
00001d74  vTaskSetTimeOutState                  
00000fdc  vTaskStartScheduler                   
00001658  vTaskStepTick                         
00000c10  vTaskSuspend                          
00001090  vTaskSuspendAll                       
000019d8  vTaskSwitchContext                    
00010fec  vimChannelMap                         
000111e8  vimDisableInterrupt                   
00011090  vimEnableInterrupt                    
0001126c  vimGetConfigValue                     
00010f18  vimInit                               
00008e00  vimParityCheck                        
000148e0  vimParityErrorHandler                 
0000a5b0  wait                                  
00017664  wcslen                                
0000a8ac  write_AK8963                          
0000b74c  write_AK8963_VF                       
00004238  xEventGroupClearBits                  
00003dac  xEventGroupCreate                     
000042bc  xEventGroupGetBitsFromISR             
000042ec  xEventGroupSetBits                    
00003de8  xEventGroupSync                       
00003fe8  xEventGroupWaitBits                   
0000507c  xPortGetFreeHeapSize                  
00005088  xPortGetMinimumEverFreeHeapSize       
00004928  xPortStartScheduler                   
00002d00  xQueueGenericCreate                   
000033d8  xQueueGenericReceive                  
00002bd8  xQueueGenericReset                    
00002e1c  xQueueGenericSend                     
000030dc  xQueueGenericSendFromISR              
0000326c  xQueueGiveFromISR                     
00003cd0  xQueueIsQueueEmptyFromISR             
00003d5c  xQueueIsQueueFullFromISR              
000037f4  xQueuePeekFromISR                     
000036ac  xQueueReceiveFromISR                  
000016b4  xTaskAbortDelay                       
00001db8  xTaskCheckForTimeOut                  
000000fc  xTaskCreate                           
00000020  xTaskCreateRestricted                 
00002560  xTaskGenericNotify                    
00002730  xTaskGenericNotifyFromISR             
00001518  xTaskGetHandle                        
00001620  xTaskGetIdleTaskHandle                
000022ec  xTaskGetSchedulerState                
000012f8  xTaskGetTickCount                     
00001314  xTaskGetTickCountFromISR              
000017b0  xTaskIncrementTick                    
00015f7c  xTaskNotifyStateClear                 
0000244c  xTaskNotifyWait                       
00001b80  xTaskRemoveFromEventList              
00001c70  xTaskRemoveFromUnorderedEventList     
00001148  xTaskResumeAll                        
00000ef4  xTaskResumeFromISR                    


GLOBAL SYMBOLS: SORTED BY Symbol Address 

address   name                                  
-------   ----                                  
00000000  __TI_static_base__                    
00000000  resetEntry                            
00000020  xTaskCreateRestricted                 
000000fc  xTaskCreate                           
00000530  vTaskDelete                           
00000698  vTaskDelayUntil                       
00000804  vTaskDelay                            
00000888  eTaskGetState                         
0000098c  uxTaskPriorityGet                     
000009d0  uxTaskPriorityGetFromISR              
00000a18  vTaskPrioritySet                      
00000c10  vTaskSuspend                          
00000e14  vTaskResume                           
00000ef4  xTaskResumeFromISR                    
00000fdc  vTaskStartScheduler                   
00001074  vTaskEndScheduler                     
00001090  vTaskSuspendAll                       
00001148  xTaskResumeAll                        
000012f8  xTaskGetTickCount                     
00001314  xTaskGetTickCountFromISR              
00001338  uxTaskGetNumberOfTasks                
00001344  pcTaskGetName                         
00001518  xTaskGetHandle                        
00001620  xTaskGetIdleTaskHandle                
00001658  vTaskStepTick                         
000016b4  xTaskAbortDelay                       
000017b0  xTaskIncrementTick                    
000019d8  vTaskSwitchContext                    
00001ab8  vTaskPlaceOnEventList                 
00001afc  vTaskPlaceOnUnorderedEventList        
00001b80  xTaskRemoveFromEventList              
00001c70  xTaskRemoveFromUnorderedEventList     
00001d74  vTaskSetTimeOutState                  
00001db8  xTaskCheckForTimeOut                  
00001ef0  vTaskMissedYield                      
00001f00  eTaskConfirmSleepModeStatus           
00001f7c  vTaskSetThreadLocalStoragePointer     
00001fe0  pvTaskGetThreadLocalStoragePointer    
0000204c  vTaskAllocateMPURegions               
00002224  uxTaskGetStackHighWaterMark           
000022ec  xTaskGetSchedulerState                
0000233c  uxTaskResetEventItemValue             
00002378  ulTaskNotifyTake                      
0000244c  xTaskNotifyWait                       
00002560  xTaskGenericNotify                    
00002730  xTaskGenericNotifyFromISR             
00002930  vTaskNotifyGiveFromISR                
00002bd8  xQueueGenericReset                    
00002d00  xQueueGenericCreate                   
00002e1c  xQueueGenericSend                     
000030dc  xQueueGenericSendFromISR              
0000326c  xQueueGiveFromISR                     
000033d8  xQueueGenericReceive                  
000036ac  xQueueReceiveFromISR                  
000037f4  xQueuePeekFromISR                     
000038e8  uxQueueMessagesWaiting                
00003920  uxQueueSpacesAvailable                
0000396c  uxQueueMessagesWaitingFromISR         
0000399c  vQueueDelete                          
00003cd0  xQueueIsQueueEmptyFromISR             
00003d5c  xQueueIsQueueFullFromISR              
00003dac  xEventGroupCreate                     
00003de8  xEventGroupSync                       
00003fe8  xEventGroupWaitBits                   
00004238  xEventGroupClearBits                  
000042bc  xEventGroupGetBitsFromISR             
000042ec  xEventGroupSetBits                    
0000449c  vEventGroupDelete                     
00004520  vEventGroupSetBitsCallback            
0000453c  vEventGroupClearBitsCallback          
000045c4  pxPortInitialiseStack                 
000046b4  vPortStoreTaskMPUSettings             
00004928  xPortStartScheduler                   
0000494c  vPortEndScheduler                     
00004984  vPortStartFirstTask                   
000049f4  vPortYieldProcessor                   
00004aa0  vPortYeildWithinAPI                   
00004b54  vPortPreemptiveTick                   
00004c14  ulPortCountLeadingZeros               
00004c1c  vPortSWI                              
00004cd8  prvMpuSetRegion                       
00004cf0  prvMpuEnable                          
00004d08  prvMpuDisable                         
00004d30  pvPortMalloc                          
00004f84  vPortFree                             
0000507c  xPortGetFreeHeapSize                  
00005088  xPortGetMinimumEverFreeHeapSize       
00005094  vPortInitialiseBlocks                 
000050c8  __TI_Handler_Table_Base               
000050d4  __TI_Handler_Table_Limit              
000050f0  __TI_CINIT_Base                       
00005110  __TI_CINIT_Limit                      
00008020  selftestFailNotification              
00008030  ccmSelfCheck                          
00008174  memoryInit                            
000081b8  stcSelfCheck                          
00008234  cpuSelfTest                           
000082cc  pbistSelfCheck                        
000084ac  pbistRun                              
00008578  pbistStop                             
000085a8  pbistIsTestCompleted                  
000085d4  pbistIsTestPassed                     
00008608  pbistPortTestStatus                   
00008660  efcCheck                              
000086e8  efcStuckZeroTest                      
00008794  efcSelfTest                           
000087bc  checkefcSelfTest                      
0000885c  fmcBus2Check                          
00008898  fmcECCcheck                           
00008938  checkB0RAMECC                         
00008b28  checkB1RAMECC                         
00008d18  checkFlashECC                         
00008df4  custom_dabort                         
00008df8  stcSelfCheckFail                      
00008dfc  cpuSelfTestFail                       
00008e00  vimParityCheck                        
00008eac  het1ParityCheck                       
00008f4c  htu1ParityCheck                       
00009004  adc1ParityCheck                       
000090bc  can1ParityCheck                       
00009198  can2ParityCheck                       
00009260  mibspi1ParityCheck                    
000093bc  checkRAMECC                           
00009604  checkClockMonitor                     
000096d8  checkFlashEEPROMECC                   
00009880  checkPLL1Slip                         
0000999c  checkRAMAddrParity                    
00009aa4  checkRAMUERRTest                      
00009c00  fmcBus1ParityCheck                    
00009d2c  pbistFail                             
00009db0  pbistGetConfigValue                   
00009ef8  stcGetConfigValue                     
00009f98  efcGetConfigValue                     
0000a034  ccmr4GetConfigValue                   
0000a0b0  errata_PBIST_4                        
0000a3d0  enableParity                          
0000a424  disableParity                         
0000a510  MPUInit                               
0000a5b0  wait                                  
0000a600  read_MANG_AK8963                      
0000a788  read_AK8963                           
0000a8ac  write_AK8963                          
0000a994  mpuGetGyroAccel                       
0000ae0c  mpuGetAccAngle_Y                      
0000aee8  read_MPU_ACEL_TMP_VF                  
0000b420  config_MPU_9250                       
0000b474  config_AK8963                         
0000b540  config_MPU_9250_VF                    
0000b58c  config_AK8963_VF                      
0000b64c  read_AK8963_VF                        
0000b74c  write_AK8963_VF                       
0000b834  read_MANG_AK8963_VF                   
0000ba40  sciEnviarDatos                        
0000ba94  __TI_printfi                          
0000caac  pow                                   
0000caac  powl                                  
0000d910  main                                  
0000d99c  vSensors                              
0000dba4  vControl                              
0000e084  limitControl                          
0000e0ec  bldcInit                              
0000e2cc  usRanging                             
0000e398  sciNotification                       
0000e6fc  spiInit                               
0000e830  spiSetFunctional                      
0000e850  spiReceiveData                        
0000e96c  spiGetData                            
0000ea34  spiTransmitData                       
0000eb60  spiSendData                           
0000ec28  spiTransmitAndReceiveData             
0000ed64  spiSendAndGetData                     
0000ee74  SpiTxStatus                           
0000eed0  SpiRxStatus                           
0000ef2c  spiEnableLoopback                     
0000ef60  spiDisableLoopback                    
0000ef7c  spiEnableNotification                 
0000efac  spiDisableNotification                
0000efd8  spi1GetConfigValue                    
0000f1dc  setupPLL                              
0000f22c  trimLPO                               
0000f2a0  setupFlash                            
0000f2e0  periphInit                            
0000f334  mapClocks                             
0000f418  systemInit                            
0000f4e4  systemPowerDown                       
0000f514  systemGetConfigValue                  
0000f8d4  tcmflashGetConfigValue                
0000fa80  sramGetConfigValue                    
0000fbbc  customTrimLPO                         
0000fc7c  MPU_xTaskCreate                       
0000fce0  MPU_xTaskCreateRestricted             
0000fd24  MPU_vTaskAllocateMPURegions           
0000fd58  MPU_vTaskDelete                       
0000fd84  MPU_vTaskDelay                        
0000fdb0  MPU_vTaskDelayUntil                   
0000fde4  MPU_xTaskAbortDelay                   
0000fe18  MPU_uxTaskPriorityGet                 
0000fe4c  MPU_eTaskGetState                     
0000fe80  MPU_vTaskPrioritySet                  
0000feb4  MPU_vTaskSuspend                      
0000fee0  MPU_vTaskResume                       
0000ff0c  MPU_vTaskSuspendAll                   
0000ff30  MPU_xTaskResumeAll                    
0000ff5c  MPU_xTaskGetTickCount                 
0000ff88  MPU_uxTaskGetNumberOfTasks            
0000ffb4  MPU_pcTaskGetName                     
0000ffe8  MPU_xTaskGetHandle                    
0001001c  MPU_uxTaskGetStackHighWaterMark       
00010050  MPU_vTaskSetThreadLocalStoragePointer 
00010094  MPU_pvTaskGetThreadLocalStoragePointer
000100d8  MPU_xTaskGetIdleTaskHandle            
00010104  MPU_xTaskGenericNotify                
00010158  MPU_xTaskNotifyWait                   
000101ac  MPU_ulTaskNotifyTake                  
000101f0  MPU_xTaskNotifyStateClear             
00010224  MPU_vTaskSetTimeOutState              
00010250  MPU_xTaskCheckForTimeOut              
00010294  MPU_xTaskGetSchedulerState            
000102c0  MPU_xQueueGenericSend                 
00010314  MPU_xQueueGenericReceive              
00010368  MPU_uxQueueMessagesWaiting            
0001039c  MPU_uxQueueSpacesAvailable            
000103d0  MPU_vQueueDelete                      
000103fc  MPU_xQueueGenericCreate               
00010448  MPU_xQueueGenericReset                
0001048c  MPU_xEventGroupCreate                 
000104b8  MPU_xEventGroupWaitBits               
00010514  MPU_xEventGroupClearBits              
00010558  MPU_xEventGroupSetBits                
0001059c  MPU_xEventGroupSync                   
000105f0  MPU_vEventGroupDelete                 
0001061c  hetInit                               
000106dc  pwmStart                              
00010710  pwmStop                               
00010744  pwmSetDuty                            
00010880  pwmSetSignal                          
000109f8  pwmGetSignal                          
00010ae0  pwmEnableNotification                 
00010b28  pwmDisableNotification                
00010b58  edgeResetCounter                      
00010b84  edgeGetCounter                        
00010bb0  edgeEnableNotification                
00010bec  edgeDisableNotification               
00010c2c  capGetSignal                          
00010d0c  hetResetTimestamp                     
00010d28  hetGetTimestamp                       
00010d40  het1GetConfigValue                    
00010f18  vimInit                               
00010fec  vimChannelMap                         
00011090  vimEnableInterrupt                    
000111e8  vimDisableInterrupt                   
0001126c  vimGetConfigValue                     
000117b4  sciInit                               
000118a0  sciSetFunctional                      
000118c0  sciSetBaudrate                        
00011978  sciIsTxReady                          
00011994  sciSendByte                           
000119c4  sciSend                               
00011a98  sciIsRxReady                          
00011ab4  sciIsIdleDetected                     
00011ad0  sciRxError                            
00011b00  sciReceiveByte                        
00011b2c  sciReceive                            
00011bcc  sciEnableLoopback                     
00011c00  sciDisableLoopback                    
00011c1c  sciEnableNotification                 
00011c58  sciDisableNotification                
00011c94  sciEnterResetState                    
00011cb4  sciExitResetState                     
00011cec  scilinGetConfigValue                  
00011e98  _errata_SSWF021_45_both_plls          
0001208c  _errata_SSWF021_45_pll1               
00012204  _errata_SSWF021_45_pll2               
000124fc  esmInit                               
00012604  esmError                              
00012620  esmEnableError                        
00012648  esmDisableError                       
00012670  esmTriggerErrorPinReset               
00012680  esmActivateNormalOperation            
00012690  esmEnableInterrupt                    
000126b8  esmDisableInterrupt                   
000126e0  esmSetInterruptLevel                  
00012754  esmClearStatus                        
00012794  esmClearStatusBuffer                  
000127b0  esmSetCounterPreloadValue             
000127d0  esmGetStatus                          
00012854  esmGetStatusBuffer                    
0001288c  esmEnterSelfTest                      
00012914  esmSelfTestStatus                     
00012964  esmGetConfigValue                     
00012ab8  mibspi1LowLevelInterrupt              
00012cf8  mibspi1HighLevelInterrupt             
00012f80  atan                                  
00012f80  atanl                                 
000133cc  linLowLevelInterrupt                  
00013574  linHighLevelInterrupt                 
00013750  gioInit                               
000137e4  gioSetDirection                       
00013804  gioSetBit                             
00013854  gioSetPort                            
00013874  gioGetBit                             
0001389c  gioGetPort                            
000138b4  gioToggleBit                          
0001390c  gioEnableNotification                 
00013948  gioDisableNotification                
00013984  gioGetConfigValue                     
00013e20  _coreInitRegisters_                   
00013ed8  _coreInitStackPointer_                
00013f24  _getCPSRValue_                        
00013f2c  _gotoCPUIdle_                         
00013f44  _coreEnableEventBusExport_            
00013f54  _coreDisableEventBusExport_           
00013f64  _coreEnableRamEcc_                    
00013f74  _coreDisableRamEcc_                   
00013f84  _coreEnableFlashEcc_                  
00013f98  _coreDisableFlashEcc_                 
00013fa8  _coreEnableIrqVicOffset_              
00013fb8  _coreGetDataFault_                    
00013fc0  _coreClearDataFault_                  
00013fcc  _coreGetInstructionFault_             
00013fd4  _coreClearInstructionFault_           
00013fe0  _coreGetDataFaultAddress_             
00013fe8  _coreClearDataFaultAddress_           
00013ff4  _coreGetInstructionFaultAddress_      
00013ffc  _coreClearInstructionFaultAddress_    
00014008  _coreGetAuxiliaryDataFault_           
00014010  _coreClearAuxiliaryDataFault_         
0001401c  _coreGetAuxiliaryInstructionFault_    
00014024  _coreClearAuxiliaryInstructionFault_  
00014030  _disable_interrupt_                   
00014038  _disable_FIQ_interrupt_               
00014040  _disable_IRQ_interrupt_               
00014048  _enable_interrupt_                    
00014050  _esmCcmErrorsClear_                   
000140d8  _errata_CORTEXR4_66_                  
000140e8  __TI_PINIT_Base                       
000140ec  __TI_PINIT_Limit                      
000143b0  __aeabi_uldivmod                      
000148e0  vimParityErrorHandler                 
00014b48  vListInitialise                       
00014ba0  vListInitialiseItem                   
00014bbc  vListInsertEnd                        
00014c30  vListInsert                           
00014cf4  uxListRemove                          
00014d80  _c_int00                              
00014f94  __aeabi_dsub                          
00014fa0  __aeabi_dadd                          
000151a8  sqrt                                  
000151a8  sqrtl                                 
000158a0  pwmSetSignal10e3                      
00015a38  __aeabi_ddiv                          
00015bc8  __aeabi_memcpy                        
00015bc8  __aeabi_memcpy4                       
00015bc8  __aeabi_memcpy8                       
00015bc8  memcpy                                
00015d48  floor                                 
00015d48  floorl                                
00015f7c  xTaskNotifyStateClear                 
00015ff8  muxInit                               
00016080  pinmuxGetConfigValue                  
00016148  __aeabi_fsub                          
0001614c  __aeabi_fadd                          
0001627c  __aeabi_dmul                          
000163a4  ldexp                                 
000163a4  ldexpl                                
000163a4  scalbn                                
000163a4  scalbnl                               
000165dc  esmHighInterrupt                      
000166c8  _dabort                               
000167b0  esmGroup1Notification                 
000167c0  esmGroup2Notification                 
000167d0  memoryPort0TestFailNotification       
000167ec  memoryPort1TestFailNotification       
00016808  gioNotification                       
00016830  spiNotification                       
00016844  spiEndNotification                    
00016854  pwmNotification                       
0001686c  edgeNotification                      
00016880  hetNotification                       
00016894  __aeabi_cdcmpeq                       
00016894  __aeabi_cdcmple                       
00016974  __aeabi_cdrcmple                      
00016a54  _pmuInit_                             
00016aa0  _pmuEnableCountersGlobal_             
00016ab0  _pmuDisableCountersGlobal_            
00016ac0  _pmuResetCycleCounter_                
00016ad0  _pmuResetEventCounters_               
00016ae0  _pmuResetCounters_                    
00016af0  _pmuStartCounters_                    
00016af8  _pmuStopCounters_                     
00016b00  _pmuSetCountEvent_                    
00016b0c  _pmuGetCycleCount_                    
00016b14  _pmuGetEventCount_                    
00016b20  _pmuGetOverflow_                      
00016b34  __aeabi_fdiv                          
00016cd0  __aeabi_memclr                        
00016cd0  __aeabi_memclr4                       
00016cd0  __aeabi_memclr8                       
00016cd4  __aeabi_memset                        
00016cd4  __aeabi_memset4                       
00016cd4  __aeabi_memset8                       
00016ce0  memset                                
00016d80  __aeabi_fmul                          
00016e28  __aeabi_d2f                           
00016f5c  __TI_decompress_lzss                  
00017070  atoi                                  
000170f4  __TI_ltoa                             
00017174  frexp                                 
00017174  frexpl                                
000171f0  __TI_auto_init_nobinit_nopinit        
000172bc  sprintf                               
00017320  __aeabi_d2iz                          
0001737c  __aeabi_f2d                           
000173d8  __aeabi_d2uiz                         
00017430  __aeabi_idiv                          
00017430  __aeabi_idivmod                       
00017484  __aeabi_uidiv                         
00017484  __aeabi_uidivmod                      
000174d4  __aeabi_f2iz                          
00017520  __aeabi_i2f                           
0001756c  __aeabi_i2d                           
000175a8  __aeabi_ui2d                          
0001760c  memccpy                               
0001763c  strchr                                
00017664  wcslen                                
00017688  strlen                                
000176a8  strcpy                                
000176d4  __TI_decompress_none                  
000176e8  __TI_zero_init                        
000176f8  __aeabi_errno_addr                    
00017704  copysign                              
00017704  copysignl                             
00017710  C$$EXIT                               
00017710  abort                                 
00017718  phantomInterrupt                      
0001771c  __aeabi_idiv0                         
0001771c  __aeabi_ldiv0                         
00017720  handlePLLLockFail                     
00017c48  _ctypes_                              
080008d0  pxCurrentTCB                          
08001000  __start___llvm_prf_cnts               
08001000  __stop___llvm_prf_cnts                
08003048  command                               
0800307c  SPI1_data_configCh2                   
08003080  BLDC_1                                
08003090  BLDC_2                                
080030a0  sciBuffer                             
080030bc  buffer                                
080030c4  cadenaTemporal                        
080030cc  Kp_1                                  
080030d0  Ki_1                                  
080030d4  Kd_1                                  
080030d8  Kp_2                                  
080030dc  Ki_2                                  
080030e0  Kd_2                                  
080030e4  theta                                 
080030e8  usDistance                            
080030ec  error_1                               
080030f0  error_2                               
080030f4  preverror_1                           
080030f8  preverror_2                           
080030fc  dcBASE                                
08003100  offset1                               
08003104  offset2                               
08003108  DC_BLDC1                              
0800310c  DC_BLDC2                              
08003110  sciKp_1                               
08003114  sciKi_1                               
08003118  sciKd_1                               
0800311c  sciKp_2                               
08003120  sciKi_2                               
08003124  sciKd_2                               
08003138  AK8963ReadOut                         
08003146  ComandoSPI_MPU                        
0800314e  DatoSPI01_MPU                         
08003158  ulCriticalNesting                     
0800315c  ulTaskHasFPUContext                   
08003160  errno                                 
ffffffff  __TI_pprof_out_hndl                   
ffffffff  __TI_prof_data_size                   
ffffffff  __TI_prof_data_start                  
ffffffff  __binit__                             
ffffffff  __c_args__                            
ffffffff  binit                                 
UNDEFED   SHT$$INIT_ARRAY$$Base                 
UNDEFED   SHT$$INIT_ARRAY$$Limit                
UNDEFED   _system_post_cinit                    

[487 symbols]
