<?xml version="1.0" encoding="ISO-8859-1" ?>
<link_info>
   <banner>TI ARM Linker PC v20.2.5.LTS</banner>
   <copyright>Copyright (c) 1996-2018 Texas Instruments Incorporated</copyright>
   <link_time>0x622d0bc1</link_time>
   <link_errors>0x0</link_errors>
   <output_file>PVTOL_04x.out</output_file>
   <entry_point>
      <name>_c_int00</name>
      <address>0x14d80</address>
   </entry_point>
   <input_file_list>
      <input_file id="fl-2">
         <path>.\source\</path>
         <kind>object</kind>
         <file>MPU9250.obj</file>
         <name>MPU9250.obj</name>
      </input_file>
      <input_file id="fl-3">
         <path>.\source\</path>
         <kind>object</kind>
         <file>PWM.obj</file>
         <name>PWM.obj</name>
      </input_file>
      <input_file id="fl-4">
         <path>.\source\</path>
         <kind>object</kind>
         <file>dabort.obj</file>
         <name>dabort.obj</name>
      </input_file>
      <input_file id="fl-5">
         <path>.\source\</path>
         <kind>object</kind>
         <file>errata_SSWF021_45.obj</file>
         <name>errata_SSWF021_45.obj</name>
      </input_file>
      <input_file id="fl-6">
         <path>.\source\</path>
         <kind>object</kind>
         <file>esm.obj</file>
         <name>esm.obj</name>
      </input_file>
      <input_file id="fl-7">
         <path>.\source\</path>
         <kind>object</kind>
         <file>gio.obj</file>
         <name>gio.obj</name>
      </input_file>
      <input_file id="fl-8">
         <path>.\source\</path>
         <kind>object</kind>
         <file>het.obj</file>
         <name>het.obj</name>
      </input_file>
      <input_file id="fl-9">
         <path>.\source\</path>
         <kind>object</kind>
         <file>notification.obj</file>
         <name>notification.obj</name>
      </input_file>
      <input_file id="fl-a">
         <path>.\source\</path>
         <kind>object</kind>
         <file>os_croutine.obj</file>
         <name>os_croutine.obj</name>
      </input_file>
      <input_file id="fl-b">
         <path>.\source\</path>
         <kind>object</kind>
         <file>os_event_groups.obj</file>
         <name>os_event_groups.obj</name>
      </input_file>
      <input_file id="fl-c">
         <path>.\source\</path>
         <kind>object</kind>
         <file>os_heap.obj</file>
         <name>os_heap.obj</name>
      </input_file>
      <input_file id="fl-d">
         <path>.\source\</path>
         <kind>object</kind>
         <file>os_list.obj</file>
         <name>os_list.obj</name>
      </input_file>
      <input_file id="fl-e">
         <path>.\source\</path>
         <kind>object</kind>
         <file>os_mpu_wrappers.obj</file>
         <name>os_mpu_wrappers.obj</name>
      </input_file>
      <input_file id="fl-f">
         <path>.\source\</path>
         <kind>object</kind>
         <file>os_port.obj</file>
         <name>os_port.obj</name>
      </input_file>
      <input_file id="fl-10">
         <path>.\source\</path>
         <kind>object</kind>
         <file>os_portasm.obj</file>
         <name>os_portasm.obj</name>
      </input_file>
      <input_file id="fl-11">
         <path>.\source\</path>
         <kind>object</kind>
         <file>os_queue.obj</file>
         <name>os_queue.obj</name>
      </input_file>
      <input_file id="fl-12">
         <path>.\source\</path>
         <kind>object</kind>
         <file>os_tasks.obj</file>
         <name>os_tasks.obj</name>
      </input_file>
      <input_file id="fl-13">
         <path>.\source\</path>
         <kind>object</kind>
         <file>os_timer.obj</file>
         <name>os_timer.obj</name>
      </input_file>
      <input_file id="fl-14">
         <path>.\source\</path>
         <kind>object</kind>
         <file>pinmux.obj</file>
         <name>pinmux.obj</name>
      </input_file>
      <input_file id="fl-15">
         <path>.\source\</path>
         <kind>object</kind>
         <file>sci.obj</file>
         <name>sci.obj</name>
      </input_file>
      <input_file id="fl-16">
         <path>.\source\</path>
         <kind>object</kind>
         <file>spi.obj</file>
         <name>spi.obj</name>
      </input_file>
      <input_file id="fl-17">
         <path>.\source\</path>
         <kind>object</kind>
         <file>sys_core.obj</file>
         <name>sys_core.obj</name>
      </input_file>
      <input_file id="fl-18">
         <path>.\source\</path>
         <kind>object</kind>
         <file>sys_intvecs.obj</file>
         <name>sys_intvecs.obj</name>
      </input_file>
      <input_file id="fl-19">
         <path>.\source\</path>
         <kind>object</kind>
         <file>sys_main.obj</file>
         <name>sys_main.obj</name>
      </input_file>
      <input_file id="fl-1a">
         <path>.\source\</path>
         <kind>object</kind>
         <file>sys_mpu.obj</file>
         <name>sys_mpu.obj</name>
      </input_file>
      <input_file id="fl-1b">
         <path>.\source\</path>
         <kind>object</kind>
         <file>sys_pcr.obj</file>
         <name>sys_pcr.obj</name>
      </input_file>
      <input_file id="fl-1c">
         <path>.\source\</path>
         <kind>object</kind>
         <file>sys_phantom.obj</file>
         <name>sys_phantom.obj</name>
      </input_file>
      <input_file id="fl-1d">
         <path>.\source\</path>
         <kind>object</kind>
         <file>sys_pmu.obj</file>
         <name>sys_pmu.obj</name>
      </input_file>
      <input_file id="fl-1e">
         <path>.\source\</path>
         <kind>object</kind>
         <file>sys_selftest.obj</file>
         <name>sys_selftest.obj</name>
      </input_file>
      <input_file id="fl-1f">
         <path>.\source\</path>
         <kind>object</kind>
         <file>sys_startup.obj</file>
         <name>sys_startup.obj</name>
      </input_file>
      <input_file id="fl-20">
         <path>.\source\</path>
         <kind>object</kind>
         <file>sys_vim.obj</file>
         <name>sys_vim.obj</name>
      </input_file>
      <input_file id="fl-21">
         <path>.\source\</path>
         <kind>object</kind>
         <file>system.obj</file>
         <name>system.obj</name>
      </input_file>
      <input_file id="fl-25">
         <kind>object</kind>
         <file>&lt;internal&gt;</file>
         <name>&lt;internal&gt;</name>
      </input_file>
      <input_file id="fl-db">
         <path>C:\ti\ccs1110\ccs\tools\compiler\ti-cgt-arm_20.2.5.LTS\lib\</path>
         <kind>archive</kind>
         <file>rtsv7R4_A_be_eabi.lib</file>
         <name>sprintf.c.obj</name>
      </input_file>
      <input_file id="fl-dc">
         <path>C:\ti\ccs1110\ccs\tools\compiler\ti-cgt-arm_20.2.5.LTS\lib\</path>
         <kind>archive</kind>
         <file>rtsv7R4_A_be_eabi.lib</file>
         <name>e_pow.c.obj</name>
      </input_file>
      <input_file id="fl-dd">
         <path>C:\ti\ccs1110\ccs\tools\compiler\ti-cgt-arm_20.2.5.LTS\lib\</path>
         <kind>archive</kind>
         <file>rtsv7R4_A_be_eabi.lib</file>
         <name>e_sqrt.c.obj</name>
      </input_file>
      <input_file id="fl-de">
         <path>C:\ti\ccs1110\ccs\tools\compiler\ti-cgt-arm_20.2.5.LTS\lib\</path>
         <kind>archive</kind>
         <file>rtsv7R4_A_be_eabi.lib</file>
         <name>s_atan.c.obj</name>
      </input_file>
      <input_file id="fl-df">
         <path>C:\ti\ccs1110\ccs\tools\compiler\ti-cgt-arm_20.2.5.LTS\lib\</path>
         <kind>archive</kind>
         <file>rtsv7R4_A_be_eabi.lib</file>
         <name>s_floor.c.obj</name>
      </input_file>
      <input_file id="fl-e0">
         <path>C:\ti\ccs1110\ccs\tools\compiler\ti-cgt-arm_20.2.5.LTS\lib\</path>
         <kind>archive</kind>
         <file>rtsv7R4_A_be_eabi.lib</file>
         <name>s_scalbn.c.obj</name>
      </input_file>
      <input_file id="fl-e1">
         <path>C:\ti\ccs1110\ccs\tools\compiler\ti-cgt-arm_20.2.5.LTS\lib\</path>
         <kind>archive</kind>
         <file>rtsv7R4_A_be_eabi.lib</file>
         <name>memset32.asm.obj</name>
      </input_file>
      <input_file id="fl-e2">
         <path>C:\ti\ccs1110\ccs\tools\compiler\ti-cgt-arm_20.2.5.LTS\lib\</path>
         <kind>archive</kind>
         <file>rtsv7R4_A_be_eabi.lib</file>
         <name>u_div32.asm.obj</name>
      </input_file>
      <input_file id="fl-e3">
         <path>C:\ti\ccs1110\ccs\tools\compiler\ti-cgt-arm_20.2.5.LTS\lib\</path>
         <kind>archive</kind>
         <file>rtsv7R4_A_be_eabi.lib</file>
         <name>fd_add32.asm.obj</name>
      </input_file>
      <input_file id="fl-e4">
         <path>C:\ti\ccs1110\ccs\tools\compiler\ti-cgt-arm_20.2.5.LTS\lib\</path>
         <kind>archive</kind>
         <file>rtsv7R4_A_be_eabi.lib</file>
         <name>fd_cmp32.asm.obj</name>
      </input_file>
      <input_file id="fl-e5">
         <path>C:\ti\ccs1110\ccs\tools\compiler\ti-cgt-arm_20.2.5.LTS\lib\</path>
         <kind>archive</kind>
         <file>rtsv7R4_A_be_eabi.lib</file>
         <name>fd_div32.asm.obj</name>
      </input_file>
      <input_file id="fl-e6">
         <path>C:\ti\ccs1110\ccs\tools\compiler\ti-cgt-arm_20.2.5.LTS\lib\</path>
         <kind>archive</kind>
         <file>rtsv7R4_A_be_eabi.lib</file>
         <name>fd_mul32.asm.obj</name>
      </input_file>
      <input_file id="fl-e7">
         <path>C:\ti\ccs1110\ccs\tools\compiler\ti-cgt-arm_20.2.5.LTS\lib\</path>
         <kind>archive</kind>
         <file>rtsv7R4_A_be_eabi.lib</file>
         <name>fd_tos32.asm.obj</name>
      </input_file>
      <input_file id="fl-e8">
         <path>C:\ti\ccs1110\ccs\tools\compiler\ti-cgt-arm_20.2.5.LTS\lib\</path>
         <kind>archive</kind>
         <file>rtsv7R4_A_be_eabi.lib</file>
         <name>fd_tou32.asm.obj</name>
      </input_file>
      <input_file id="fl-e9">
         <path>C:\ti\ccs1110\ccs\tools\compiler\ti-cgt-arm_20.2.5.LTS\lib\</path>
         <kind>archive</kind>
         <file>rtsv7R4_A_be_eabi.lib</file>
         <name>fs_add32.asm.obj</name>
      </input_file>
      <input_file id="fl-ea">
         <path>C:\ti\ccs1110\ccs\tools\compiler\ti-cgt-arm_20.2.5.LTS\lib\</path>
         <kind>archive</kind>
         <file>rtsv7R4_A_be_eabi.lib</file>
         <name>fs_div32.asm.obj</name>
      </input_file>
      <input_file id="fl-eb">
         <path>C:\ti\ccs1110\ccs\tools\compiler\ti-cgt-arm_20.2.5.LTS\lib\</path>
         <kind>archive</kind>
         <file>rtsv7R4_A_be_eabi.lib</file>
         <name>fs_mul32.asm.obj</name>
      </input_file>
      <input_file id="fl-ec">
         <path>C:\ti\ccs1110\ccs\tools\compiler\ti-cgt-arm_20.2.5.LTS\lib\</path>
         <kind>archive</kind>
         <file>rtsv7R4_A_be_eabi.lib</file>
         <name>fs_tod32.asm.obj</name>
      </input_file>
      <input_file id="fl-ed">
         <path>C:\ti\ccs1110\ccs\tools\compiler\ti-cgt-arm_20.2.5.LTS\lib\</path>
         <kind>archive</kind>
         <file>rtsv7R4_A_be_eabi.lib</file>
         <name>fs_toi32.asm.obj</name>
      </input_file>
      <input_file id="fl-ee">
         <path>C:\ti\ccs1110\ccs\tools\compiler\ti-cgt-arm_20.2.5.LTS\lib\</path>
         <kind>archive</kind>
         <file>rtsv7R4_A_be_eabi.lib</file>
         <name>i_tofd32.asm.obj</name>
      </input_file>
      <input_file id="fl-ef">
         <path>C:\ti\ccs1110\ccs\tools\compiler\ti-cgt-arm_20.2.5.LTS\lib\</path>
         <kind>archive</kind>
         <file>rtsv7R4_A_be_eabi.lib</file>
         <name>i_tofs32.asm.obj</name>
      </input_file>
      <input_file id="fl-f0">
         <path>C:\ti\ccs1110\ccs\tools\compiler\ti-cgt-arm_20.2.5.LTS\lib\</path>
         <kind>archive</kind>
         <file>rtsv7R4_A_be_eabi.lib</file>
         <name>memcpy32.asm.obj</name>
      </input_file>
      <input_file id="fl-f1">
         <path>C:\ti\ccs1110\ccs\tools\compiler\ti-cgt-arm_20.2.5.LTS\lib\</path>
         <kind>archive</kind>
         <file>rtsv7R4_A_be_eabi.lib</file>
         <name>u_tofd32.asm.obj</name>
      </input_file>
      <input_file id="fl-f2">
         <path>C:\ti\ccs1110\ccs\tools\compiler\ti-cgt-arm_20.2.5.LTS\lib\</path>
         <kind>archive</kind>
         <file>rtsv7R4_A_be_eabi.lib</file>
         <name>autoinit.c.obj</name>
      </input_file>
      <input_file id="fl-f3">
         <path>C:\ti\ccs1110\ccs\tools\compiler\ti-cgt-arm_20.2.5.LTS\lib\</path>
         <kind>archive</kind>
         <file>rtsv7R4_A_be_eabi.lib</file>
         <name>cpy_tbl.c.obj</name>
      </input_file>
      <input_file id="fl-f4">
         <path>C:\ti\ccs1110\ccs\tools\compiler\ti-cgt-arm_20.2.5.LTS\lib\</path>
         <kind>archive</kind>
         <file>rtsv7R4_A_be_eabi.lib</file>
         <name>copy_zero_init.c.obj</name>
      </input_file>
      <input_file id="fl-f5">
         <path>C:\ti\ccs1110\ccs\tools\compiler\ti-cgt-arm_20.2.5.LTS\lib\</path>
         <kind>archive</kind>
         <file>rtsv7R4_A_be_eabi.lib</file>
         <name>copy_decompress_none.c.obj</name>
      </input_file>
      <input_file id="fl-f6">
         <path>C:\ti\ccs1110\ccs\tools\compiler\ti-cgt-arm_20.2.5.LTS\lib\</path>
         <kind>archive</kind>
         <file>rtsv7R4_A_be_eabi.lib</file>
         <name>copy_decompress_lzss.c.obj</name>
      </input_file>
      <input_file id="fl-f7">
         <path>C:\ti\ccs1110\ccs\tools\compiler\ti-cgt-arm_20.2.5.LTS\lib\</path>
         <kind>archive</kind>
         <file>rtsv7R4_A_be_eabi.lib</file>
         <name>exit.c.obj</name>
      </input_file>
      <input_file id="fl-f8">
         <path>C:\ti\ccs1110\ccs\tools\compiler\ti-cgt-arm_20.2.5.LTS\lib\</path>
         <kind>archive</kind>
         <file>rtsv7R4_A_be_eabi.lib</file>
         <name>_lock.c.obj</name>
      </input_file>
      <input_file id="fl-f9">
         <path>C:\ti\ccs1110\ccs\tools\compiler\ti-cgt-arm_20.2.5.LTS\lib\</path>
         <kind>archive</kind>
         <file>rtsv7R4_A_be_eabi.lib</file>
         <name>atoi.c.obj</name>
      </input_file>
      <input_file id="fl-fa">
         <path>C:\ti\ccs1110\ccs\tools\compiler\ti-cgt-arm_20.2.5.LTS\lib\</path>
         <kind>archive</kind>
         <file>rtsv7R4_A_be_eabi.lib</file>
         <name>ctype.c.obj</name>
      </input_file>
      <input_file id="fl-fb">
         <path>C:\ti\ccs1110\ccs\tools\compiler\ti-cgt-arm_20.2.5.LTS\lib\</path>
         <kind>archive</kind>
         <file>rtsv7R4_A_be_eabi.lib</file>
         <name>strcpy.c.obj</name>
      </input_file>
      <input_file id="fl-fc">
         <path>C:\ti\ccs1110\ccs\tools\compiler\ti-cgt-arm_20.2.5.LTS\lib\</path>
         <kind>archive</kind>
         <file>rtsv7R4_A_be_eabi.lib</file>
         <name>strlen.c.obj</name>
      </input_file>
      <input_file id="fl-fd">
         <path>C:\ti\ccs1110\ccs\tools\compiler\ti-cgt-arm_20.2.5.LTS\lib\</path>
         <kind>archive</kind>
         <file>rtsv7R4_A_be_eabi.lib</file>
         <name>errno.c.obj</name>
      </input_file>
      <input_file id="fl-fe">
         <path>C:\ti\ccs1110\ccs\tools\compiler\ti-cgt-arm_20.2.5.LTS\lib\</path>
         <kind>archive</kind>
         <file>rtsv7R4_A_be_eabi.lib</file>
         <name>_printfi.c.obj</name>
      </input_file>
      <input_file id="fl-ff">
         <path>C:\ti\ccs1110\ccs\tools\compiler\ti-cgt-arm_20.2.5.LTS\lib\</path>
         <kind>archive</kind>
         <file>rtsv7R4_A_be_eabi.lib</file>
         <name>s_copysign.c.obj</name>
      </input_file>
      <input_file id="fl-100">
         <path>C:\ti\ccs1110\ccs\tools\compiler\ti-cgt-arm_20.2.5.LTS\lib\</path>
         <kind>archive</kind>
         <file>rtsv7R4_A_be_eabi.lib</file>
         <name>wcslen.c.obj</name>
      </input_file>
      <input_file id="fl-101">
         <path>C:\ti\ccs1110\ccs\tools\compiler\ti-cgt-arm_20.2.5.LTS\lib\</path>
         <kind>archive</kind>
         <file>rtsv7R4_A_be_eabi.lib</file>
         <name>s_frexp.c.obj</name>
      </input_file>
      <input_file id="fl-102">
         <path>C:\ti\ccs1110\ccs\tools\compiler\ti-cgt-arm_20.2.5.LTS\lib\</path>
         <kind>archive</kind>
         <file>rtsv7R4_A_be_eabi.lib</file>
         <name>div0.asm.obj</name>
      </input_file>
      <input_file id="fl-103">
         <path>C:\ti\ccs1110\ccs\tools\compiler\ti-cgt-arm_20.2.5.LTS\lib\</path>
         <kind>archive</kind>
         <file>rtsv7R4_A_be_eabi.lib</file>
         <name>ull_div32.asm.obj</name>
      </input_file>
      <input_file id="fl-104">
         <path>C:\ti\ccs1110\ccs\tools\compiler\ti-cgt-arm_20.2.5.LTS\lib\</path>
         <kind>archive</kind>
         <file>rtsv7R4_A_be_eabi.lib</file>
         <name>fd_toi32.asm.obj</name>
      </input_file>
      <input_file id="fl-105">
         <path>C:\ti\ccs1110\ccs\tools\compiler\ti-cgt-arm_20.2.5.LTS\lib\</path>
         <kind>archive</kind>
         <file>rtsv7R4_A_be_eabi.lib</file>
         <name>_ltoa.c.obj</name>
      </input_file>
      <input_file id="fl-106">
         <path>C:\ti\ccs1110\ccs\tools\compiler\ti-cgt-arm_20.2.5.LTS\lib\</path>
         <kind>archive</kind>
         <file>rtsv7R4_A_be_eabi.lib</file>
         <name>memccpy.c.obj</name>
      </input_file>
      <input_file id="fl-107">
         <path>C:\ti\ccs1110\ccs\tools\compiler\ti-cgt-arm_20.2.5.LTS\lib\</path>
         <kind>archive</kind>
         <file>rtsv7R4_A_be_eabi.lib</file>
         <name>strchr.c.obj</name>
      </input_file>
      <input_file id="fl-108">
         <path>C:\ti\ccs1110\ccs\tools\compiler\ti-cgt-arm_20.2.5.LTS\lib\</path>
         <kind>archive</kind>
         <file>rtsv7R4_A_be_eabi.lib</file>
         <name>i_div32.asm.obj</name>
      </input_file>
   </input_file_list>
   <object_component_list>
      <object_component id="oc-39">
         <name>.intvecs</name>
         <load_address>0x0</load_address>
         <run_address>0x0</run_address>
         <size>0x20</size>
         <input_file_ref idref="fl-18"/>
      </object_component>
      <object_component id="oc-166">
         <name>.kernelTEXT</name>
         <load_address>0x20</load_address>
         <run_address>0x20</run_address>
         <size>0x2bb8</size>
         <input_file_ref idref="fl-12"/>
      </object_component>
      <object_component id="oc-2d9">
         <name>.kernelTEXT</name>
         <load_address>0x2bd8</load_address>
         <run_address>0x2bd8</run_address>
         <size>0x11d4</size>
         <input_file_ref idref="fl-11"/>
      </object_component>
      <object_component id="oc-2df">
         <name>.kernelTEXT</name>
         <load_address>0x3dac</load_address>
         <run_address>0x3dac</run_address>
         <size>0x818</size>
         <input_file_ref idref="fl-b"/>
      </object_component>
      <object_component id="oc-307">
         <name>.kernelTEXT</name>
         <load_address>0x45c4</load_address>
         <run_address>0x45c4</run_address>
         <size>0x3bc</size>
         <input_file_ref idref="fl-f"/>
      </object_component>
      <object_component id="oc-ab">
         <name>.kernelTEXT</name>
         <load_address>0x4980</load_address>
         <run_address>0x4980</run_address>
         <size>0x3b0</size>
         <input_file_ref idref="fl-10"/>
      </object_component>
      <object_component id="oc-2fb">
         <name>.kernelTEXT</name>
         <load_address>0x4d30</load_address>
         <run_address>0x4d30</run_address>
         <size>0x37c</size>
         <input_file_ref idref="fl-c"/>
      </object_component>
      <object_component id="oc-599">
         <name>.cinit..data.load</name>
         <load_address>0x50b0</load_address>
         <run_address>0x50b0</run_address>
         <size>0x15</size>
      </object_component>
      <object_component id="oc-594">
         <name>__TI_handler_table</name>
         <load_address>0x50c8</load_address>
         <run_address>0x50c8</run_address>
         <size>0xc</size>
      </object_component>
      <object_component id="oc-596">
         <name>.cinit..kernelBSS.load</name>
         <load_address>0x50d4</load_address>
         <run_address>0x50d4</run_address>
         <size>0x9</size>
      </object_component>
      <object_component id="oc-598">
         <name>.cinit..bss.load</name>
         <load_address>0x50e0</load_address>
         <run_address>0x50e0</run_address>
         <size>0x8</size>
      </object_component>
      <object_component id="oc-597">
         <name>.cinit..kernelHEAP.load</name>
         <load_address>0x50e8</load_address>
         <run_address>0x50e8</run_address>
         <size>0x8</size>
      </object_component>
      <object_component id="oc-595">
         <name>__TI_cinit_table</name>
         <load_address>0x50f0</load_address>
         <run_address>0x50f0</run_address>
         <size>0x20</size>
      </object_component>
      <object_component id="oc-8a">
         <name>.text</name>
         <load_address>0x8020</load_address>
         <run_address>0x8020</run_address>
         <size>0x24f0</size>
         <input_file_ref idref="fl-1e"/>
      </object_component>
      <object_component id="oc-15a">
         <name>.text</name>
         <load_address>0xa510</load_address>
         <run_address>0xa510</run_address>
         <size>0x1584</size>
         <input_file_ref idref="fl-2"/>
      </object_component>
      <object_component id="oc-329">
         <name>.text:__TI_printfi</name>
         <load_address>0xba94</load_address>
         <run_address>0xba94</run_address>
         <size>0xff0</size>
         <input_file_ref idref="fl-fe"/>
      </object_component>
      <object_component id="oc-2b6">
         <name>.text:pow</name>
         <load_address>0xca84</load_address>
         <run_address>0xca84</run_address>
         <size>0xe8c</size>
         <input_file_ref idref="fl-dc"/>
      </object_component>
      <object_component id="oc-97">
         <name>.text</name>
         <load_address>0xd910</load_address>
         <run_address>0xd910</run_address>
         <size>0xdec</size>
         <input_file_ref idref="fl-19"/>
      </object_component>
      <object_component id="oc-14e">
         <name>.text</name>
         <load_address>0xe6fc</load_address>
         <run_address>0xe6fc</run_address>
         <size>0xae0</size>
         <input_file_ref idref="fl-16"/>
      </object_component>
      <object_component id="oc-84">
         <name>.text</name>
         <load_address>0xf1dc</load_address>
         <run_address>0xf1dc</run_address>
         <size>0xaa0</size>
         <input_file_ref idref="fl-21"/>
      </object_component>
      <object_component id="oc-160">
         <name>.text</name>
         <load_address>0xfc7c</load_address>
         <run_address>0xfc7c</run_address>
         <size>0x9a0</size>
         <input_file_ref idref="fl-e"/>
      </object_component>
      <object_component id="oc-154">
         <name>.text</name>
         <load_address>0x1061c</load_address>
         <run_address>0x1061c</run_address>
         <size>0x8fc</size>
         <input_file_ref idref="fl-8"/>
      </object_component>
      <object_component id="oc-45">
         <name>.text</name>
         <load_address>0x10f18</load_address>
         <run_address>0x10f18</run_address>
         <size>0x89c</size>
         <input_file_ref idref="fl-20"/>
      </object_component>
      <object_component id="oc-148">
         <name>.text</name>
         <load_address>0x117b4</load_address>
         <run_address>0x117b4</run_address>
         <size>0x6e4</size>
         <input_file_ref idref="fl-15"/>
      </object_component>
      <object_component id="oc-78">
         <name>.text</name>
         <load_address>0x11e98</load_address>
         <run_address>0x11e98</run_address>
         <size>0x664</size>
         <input_file_ref idref="fl-5"/>
      </object_component>
      <object_component id="oc-90">
         <name>.text</name>
         <load_address>0x124fc</load_address>
         <run_address>0x124fc</run_address>
         <size>0x5bc</size>
         <input_file_ref idref="fl-6"/>
      </object_component>
      <object_component id="oc-33">
         <name>.text:retain</name>
         <load_address>0x12ab8</load_address>
         <run_address>0x12ab8</run_address>
         <size>0x4c8</size>
         <input_file_ref idref="fl-16"/>
      </object_component>
      <object_component id="oc-2c2">
         <name>.text:atan</name>
         <load_address>0x12f80</load_address>
         <run_address>0x12f80</run_address>
         <size>0x44c</size>
         <input_file_ref idref="fl-de"/>
      </object_component>
      <object_component id="oc-2d">
         <name>.text:retain</name>
         <load_address>0x133cc</load_address>
         <run_address>0x133cc</run_address>
         <size>0x384</size>
         <input_file_ref idref="fl-15"/>
      </object_component>
      <object_component id="oc-142">
         <name>.text</name>
         <load_address>0x13750</load_address>
         <run_address>0x13750</run_address>
         <size>0x36c</size>
         <input_file_ref idref="fl-7"/>
      </object_component>
      <object_component id="oc-43e">
         <name>.text:_pconv_a</name>
         <load_address>0x13abc</load_address>
         <run_address>0x13abc</run_address>
         <size>0x364</size>
         <input_file_ref idref="fl-fe"/>
      </object_component>
      <object_component id="oc-73">
         <name>.text</name>
         <load_address>0x13e20</load_address>
         <run_address>0x13e20</run_address>
         <size>0x2d0</size>
         <input_file_ref idref="fl-17"/>
      </object_component>
      <object_component id="oc-42c">
         <name>.text:_pconv_g</name>
         <load_address>0x140f0</load_address>
         <run_address>0x140f0</run_address>
         <size>0x2c0</size>
         <input_file_ref idref="fl-fe"/>
      </object_component>
      <object_component id="oc-4e0">
         <name>.text</name>
         <load_address>0x143b0</load_address>
         <run_address>0x143b0</run_address>
         <size>0x2b8</size>
         <input_file_ref idref="fl-103"/>
      </object_component>
      <object_component id="oc-3ff">
         <name>.text</name>
         <load_address>0x14668</load_address>
         <run_address>0x14668</run_address>
         <size>0x278</size>
         <input_file_ref idref="fl-c"/>
      </object_component>
      <object_component id="oc-44">
         <name>.text:retain</name>
         <load_address>0x148e0</load_address>
         <run_address>0x148e0</run_address>
         <size>0x268</size>
         <input_file_ref idref="fl-20"/>
      </object_component>
      <object_component id="oc-301">
         <name>.text</name>
         <load_address>0x14b48</load_address>
         <run_address>0x14b48</run_address>
         <size>0x238</size>
         <input_file_ref idref="fl-d"/>
      </object_component>
      <object_component id="oc-1e">
         <name>.text:retain</name>
         <load_address>0x14d80</load_address>
         <run_address>0x14d80</run_address>
         <size>0x214</size>
         <input_file_ref idref="fl-1f"/>
      </object_component>
      <object_component id="oc-176">
         <name>.text</name>
         <load_address>0x14f94</load_address>
         <run_address>0x14f94</run_address>
         <size>0x214</size>
         <input_file_ref idref="fl-e3"/>
      </object_component>
      <object_component id="oc-2bc">
         <name>.text:sqrt</name>
         <load_address>0x151a8</load_address>
         <run_address>0x151a8</run_address>
         <size>0x1ec</size>
         <input_file_ref idref="fl-dd"/>
      </object_component>
      <object_component id="oc-438">
         <name>.text:_pconv_e</name>
         <load_address>0x15394</load_address>
         <run_address>0x15394</run_address>
         <size>0x1b0</size>
         <input_file_ref idref="fl-fe"/>
      </object_component>
      <object_component id="oc-40f">
         <name>.text</name>
         <load_address>0x15544</load_address>
         <run_address>0x15544</run_address>
         <size>0x1b0</size>
         <input_file_ref idref="fl-f"/>
      </object_component>
      <object_component id="oc-4fe">
         <name>.text:fcvt</name>
         <load_address>0x156f4</load_address>
         <run_address>0x156f4</run_address>
         <size>0x1ac</size>
         <input_file_ref idref="fl-fe"/>
      </object_component>
      <object_component id="oc-194">
         <name>.text</name>
         <load_address>0x158a0</load_address>
         <run_address>0x158a0</run_address>
         <size>0x198</size>
         <input_file_ref idref="fl-3"/>
      </object_component>
      <object_component id="oc-18a">
         <name>.text</name>
         <load_address>0x15a38</load_address>
         <run_address>0x15a38</run_address>
         <size>0x190</size>
         <input_file_ref idref="fl-e5"/>
      </object_component>
      <object_component id="oc-5b">
         <name>.text</name>
         <load_address>0x15bc8</load_address>
         <run_address>0x15bc8</run_address>
         <size>0x180</size>
         <input_file_ref idref="fl-f0"/>
      </object_component>
      <object_component id="oc-297">
         <name>.text:floor</name>
         <load_address>0x15d48</load_address>
         <run_address>0x15d48</run_address>
         <size>0x158</size>
         <input_file_ref idref="fl-df"/>
      </object_component>
      <object_component id="oc-2d3">
         <name>.text</name>
         <load_address>0x15ea0</load_address>
         <run_address>0x15ea0</run_address>
         <size>0x158</size>
         <input_file_ref idref="fl-12"/>
      </object_component>
      <object_component id="oc-fc">
         <name>.text</name>
         <load_address>0x15ff8</load_address>
         <run_address>0x15ff8</run_address>
         <size>0x150</size>
         <input_file_ref idref="fl-14"/>
      </object_component>
      <object_component id="oc-180">
         <name>.text</name>
         <load_address>0x16148</load_address>
         <run_address>0x16148</run_address>
         <size>0x134</size>
         <input_file_ref idref="fl-e9"/>
      </object_component>
      <object_component id="oc-171">
         <name>.text</name>
         <load_address>0x1627c</load_address>
         <run_address>0x1627c</run_address>
         <size>0x128</size>
         <input_file_ref idref="fl-e6"/>
      </object_component>
      <object_component id="oc-3cb">
         <name>.text:scalbn</name>
         <load_address>0x163a4</load_address>
         <run_address>0x163a4</run_address>
         <size>0x120</size>
         <input_file_ref idref="fl-e0"/>
      </object_component>
      <object_component id="oc-426">
         <name>.text:_ltostr</name>
         <load_address>0x164c4</load_address>
         <run_address>0x164c4</run_address>
         <size>0x115</size>
         <input_file_ref idref="fl-fe"/>
      </object_component>
      <object_component id="oc-24">
         <name>.text:retain</name>
         <load_address>0x165dc</load_address>
         <run_address>0x165dc</run_address>
         <size>0xec</size>
         <input_file_ref idref="fl-6"/>
      </object_component>
      <object_component id="oc-c1">
         <name>.text</name>
         <load_address>0x166c8</load_address>
         <run_address>0x166c8</run_address>
         <size>0xe8</size>
         <input_file_ref idref="fl-4"/>
      </object_component>
      <object_component id="oc-9f">
         <name>.text</name>
         <load_address>0x167b0</load_address>
         <run_address>0x167b0</run_address>
         <size>0xe4</size>
         <input_file_ref idref="fl-9"/>
      </object_component>
      <object_component id="oc-3c6">
         <name>.text:__aeabi_cdcmple</name>
         <load_address>0x16894</load_address>
         <run_address>0x16894</run_address>
         <size>0xe0</size>
         <input_file_ref idref="fl-e4"/>
      </object_component>
      <object_component id="oc-3a7">
         <name>.text:__aeabi_cdrcmple</name>
         <load_address>0x16974</load_address>
         <run_address>0x16974</run_address>
         <size>0xe0</size>
         <input_file_ref idref="fl-e4"/>
      </object_component>
      <object_component id="oc-104">
         <name>.text</name>
         <load_address>0x16a54</load_address>
         <run_address>0x16a54</run_address>
         <size>0xe0</size>
         <input_file_ref idref="fl-1d"/>
      </object_component>
      <object_component id="oc-18f">
         <name>.text</name>
         <load_address>0x16b34</load_address>
         <run_address>0x16b34</run_address>
         <size>0xd4</size>
         <input_file_ref idref="fl-ea"/>
      </object_component>
      <object_component id="oc-4f7">
         <name>.text:_mcpy</name>
         <load_address>0x16c08</load_address>
         <run_address>0x16c08</run_address>
         <size>0xc8</size>
         <input_file_ref idref="fl-fe"/>
      </object_component>
      <object_component id="oc-ee">
         <name>.text</name>
         <load_address>0x16cd0</load_address>
         <run_address>0x16cd0</run_address>
         <size>0xb0</size>
         <input_file_ref idref="fl-e1"/>
      </object_component>
      <object_component id="oc-1a4">
         <name>.text</name>
         <load_address>0x16d80</load_address>
         <run_address>0x16d80</run_address>
         <size>0xa8</size>
         <input_file_ref idref="fl-eb"/>
      </object_component>
      <object_component id="oc-17b">
         <name>.text</name>
         <load_address>0x16e28</load_address>
         <run_address>0x16e28</run_address>
         <size>0x9c</size>
         <input_file_ref idref="fl-e7"/>
      </object_component>
      <object_component id="oc-4f1">
         <name>.text:_ecpy</name>
         <load_address>0x16ec4</load_address>
         <run_address>0x16ec4</run_address>
         <size>0x98</size>
         <input_file_ref idref="fl-fe"/>
      </object_component>
      <object_component id="oc-11">
         <name>.text:decompress:lzss:__TI_decompress_lzss</name>
         <load_address>0x16f5c</load_address>
         <run_address>0x16f5c</run_address>
         <size>0x90</size>
         <input_file_ref idref="fl-f6"/>
      </object_component>
      <object_component id="oc-432">
         <name>.text:_pconv_f</name>
         <load_address>0x16fec</load_address>
         <run_address>0x16fec</run_address>
         <size>0x84</size>
         <input_file_ref idref="fl-fe"/>
      </object_component>
      <object_component id="oc-1b5">
         <name>.text:atoi</name>
         <load_address>0x17070</load_address>
         <run_address>0x17070</run_address>
         <size>0x84</size>
         <input_file_ref idref="fl-f9"/>
      </object_component>
      <object_component id="oc-4eb">
         <name>.text:__TI_ltoa</name>
         <load_address>0x170f4</load_address>
         <run_address>0x170f4</run_address>
         <size>0x80</size>
         <input_file_ref idref="fl-105"/>
      </object_component>
      <object_component id="oc-50c">
         <name>.text:frexp</name>
         <load_address>0x17174</load_address>
         <run_address>0x17174</run_address>
         <size>0x7c</size>
         <input_file_ref idref="fl-101"/>
      </object_component>
      <object_component id="oc-112">
         <name>.text:__TI_auto_init_nobinit_nopinit:__TI_auto_init_nobinit_nopinit</name>
         <load_address>0x171f0</load_address>
         <run_address>0x171f0</run_address>
         <size>0x68</size>
         <input_file_ref idref="fl-f2"/>
      </object_component>
      <object_component id="oc-504">
         <name>.text:_fcpy</name>
         <load_address>0x17258</load_address>
         <run_address>0x17258</run_address>
         <size>0x64</size>
         <input_file_ref idref="fl-fe"/>
      </object_component>
      <object_component id="oc-1a9">
         <name>.text:sprintf</name>
         <load_address>0x172bc</load_address>
         <run_address>0x172bc</run_address>
         <size>0x64</size>
         <input_file_ref idref="fl-db"/>
      </object_component>
      <object_component id="oc-4e6">
         <name>.text</name>
         <load_address>0x17320</load_address>
         <run_address>0x17320</run_address>
         <size>0x5c</size>
         <input_file_ref idref="fl-104"/>
      </object_component>
      <object_component id="oc-185">
         <name>.text</name>
         <load_address>0x1737c</load_address>
         <run_address>0x1737c</run_address>
         <size>0x5c</size>
         <input_file_ref idref="fl-ec"/>
      </object_component>
      <object_component id="oc-29d">
         <name>.text</name>
         <load_address>0x173d8</load_address>
         <run_address>0x173d8</run_address>
         <size>0x58</size>
         <input_file_ref idref="fl-e8"/>
      </object_component>
      <object_component id="oc-54a">
         <name>.text</name>
         <load_address>0x17430</load_address>
         <run_address>0x17430</run_address>
         <size>0x54</size>
         <input_file_ref idref="fl-108"/>
      </object_component>
      <object_component id="oc-2a4">
         <name>.text</name>
         <load_address>0x17484</load_address>
         <run_address>0x17484</run_address>
         <size>0x50</size>
         <input_file_ref idref="fl-e2"/>
      </object_component>
      <object_component id="oc-19a">
         <name>.text</name>
         <load_address>0x174d4</load_address>
         <run_address>0x174d4</run_address>
         <size>0x4c</size>
         <input_file_ref idref="fl-ed"/>
      </object_component>
      <object_component id="oc-19f">
         <name>.text</name>
         <load_address>0x17520</load_address>
         <run_address>0x17520</run_address>
         <size>0x4c</size>
         <input_file_ref idref="fl-ef"/>
      </object_component>
      <object_component id="oc-16c">
         <name>.text</name>
         <load_address>0x1756c</load_address>
         <run_address>0x1756c</run_address>
         <size>0x3c</size>
         <input_file_ref idref="fl-ee"/>
      </object_component>
      <object_component id="oc-292">
         <name>.text</name>
         <load_address>0x175a8</load_address>
         <run_address>0x175a8</run_address>
         <size>0x34</size>
         <input_file_ref idref="fl-f1"/>
      </object_component>
      <object_component id="oc-32f">
         <name>.text:_outs</name>
         <load_address>0x175dc</load_address>
         <run_address>0x175dc</run_address>
         <size>0x30</size>
         <input_file_ref idref="fl-db"/>
      </object_component>
      <object_component id="oc-444">
         <name>.text:memccpy</name>
         <load_address>0x1760c</load_address>
         <run_address>0x1760c</run_address>
         <size>0x30</size>
         <input_file_ref idref="fl-106"/>
      </object_component>
      <object_component id="oc-512">
         <name>.text:strchr</name>
         <load_address>0x1763c</load_address>
         <run_address>0x1763c</run_address>
         <size>0x28</size>
         <input_file_ref idref="fl-107"/>
      </object_component>
      <object_component id="oc-44a">
         <name>.text:wcslen</name>
         <load_address>0x17664</load_address>
         <run_address>0x17664</run_address>
         <size>0x24</size>
         <input_file_ref idref="fl-100"/>
      </object_component>
      <object_component id="oc-310">
         <name>.text:strlen</name>
         <load_address>0x17688</load_address>
         <run_address>0x17688</run_address>
         <size>0x20</size>
         <input_file_ref idref="fl-fc"/>
      </object_component>
      <object_component id="oc-1af">
         <name>.text:strcpy</name>
         <load_address>0x176a8</load_address>
         <run_address>0x176a8</run_address>
         <size>0x18</size>
         <input_file_ref idref="fl-fb"/>
      </object_component>
      <object_component id="oc-335">
         <name>.text:_outc</name>
         <load_address>0x176c0</load_address>
         <run_address>0x176c0</run_address>
         <size>0x14</size>
         <input_file_ref idref="fl-db"/>
      </object_component>
      <object_component id="oc-17">
         <name>.text:decompress:none:__TI_decompress_none</name>
         <load_address>0x176d4</load_address>
         <run_address>0x176d4</run_address>
         <size>0x14</size>
         <input_file_ref idref="fl-f5"/>
      </object_component>
      <object_component id="oc-6d">
         <name>.text:decompress:ZI:__TI_zero_init</name>
         <load_address>0x176e8</load_address>
         <run_address>0x176e8</run_address>
         <size>0x10</size>
         <input_file_ref idref="fl-f4"/>
      </object_component>
      <object_component id="oc-3c0">
         <name>.text:__aeabi_errno_addr</name>
         <load_address>0x176f8</load_address>
         <run_address>0x176f8</run_address>
         <size>0xc</size>
         <input_file_ref idref="fl-fd"/>
      </object_component>
      <object_component id="oc-49e">
         <name>.text:copysign</name>
         <load_address>0x17704</load_address>
         <run_address>0x17704</run_address>
         <size>0xc</size>
         <input_file_ref idref="fl-ff"/>
      </object_component>
      <object_component id="oc-1d1">
         <name>.text:abort:abort</name>
         <load_address>0x17710</load_address>
         <run_address>0x17710</run_address>
         <size>0x8</size>
         <input_file_ref idref="fl-f7"/>
      </object_component>
      <object_component id="oc-3e">
         <name>.text:retain</name>
         <load_address>0x17718</load_address>
         <run_address>0x17718</run_address>
         <size>0x4</size>
         <input_file_ref idref="fl-1c"/>
      </object_component>
      <object_component id="oc-3b4">
         <name>.text</name>
         <load_address>0x1771c</load_address>
         <run_address>0x1771c</run_address>
         <size>0x4</size>
         <input_file_ref idref="fl-102"/>
      </object_component>
      <object_component id="oc-7e">
         <name>.text</name>
         <load_address>0x17720</load_address>
         <run_address>0x17720</run_address>
         <size>0x4</size>
         <input_file_ref idref="fl-1f"/>
      </object_component>
      <object_component id="oc-2a9">
         <name>.const:het1PROGRAM</name>
         <load_address>0x17728</load_address>
         <run_address>0x17728</run_address>
         <size>0x3a0</size>
         <input_file_ref idref="fl-8"/>
      </object_component>
      <object_component id="oc-2a">
         <name>.const:s_vim_init</name>
         <load_address>0x17ac8</load_address>
         <run_address>0x17ac8</run_address>
         <size>0x180</size>
         <input_file_ref idref="fl-20"/>
      </object_component>
      <object_component id="oc-344">
         <name>.const:.string:_ctypes_</name>
         <load_address>0x17c48</load_address>
         <run_address>0x17c48</run_address>
         <size>0x101</size>
         <input_file_ref idref="fl-fa"/>
      </object_component>
      <object_component id="oc-3e4">
         <name>.const:aT</name>
         <load_address>0x17d50</load_address>
         <run_address>0x17d50</run_address>
         <size>0x58</size>
         <input_file_ref idref="fl-de"/>
      </object_component>
      <object_component id="oc-3de">
         <name>.const:atanhi</name>
         <load_address>0x17da8</load_address>
         <run_address>0x17da8</run_address>
         <size>0x20</size>
         <input_file_ref idref="fl-de"/>
      </object_component>
      <object_component id="oc-3e1">
         <name>.const:atanlo</name>
         <load_address>0x17dc8</load_address>
         <run_address>0x17dc8</run_address>
         <size>0x20</size>
         <input_file_ref idref="fl-de"/>
      </object_component>
      <object_component id="oc-320">
         <name>.const:s_het1pwmPolarity</name>
         <load_address>0x17de8</load_address>
         <run_address>0x17de8</run_address>
         <size>0x20</size>
         <input_file_ref idref="fl-3"/>
      </object_component>
      <object_component id="oc-2ac">
         <name>.const:s_het1pwmPolarity</name>
         <load_address>0x17e08</load_address>
         <run_address>0x17e08</run_address>
         <size>0x20</size>
         <input_file_ref idref="fl-8"/>
      </object_component>
      <object_component id="oc-3d1">
         <name>.const:bp</name>
         <load_address>0x17e28</load_address>
         <run_address>0x17e28</run_address>
         <size>0x10</size>
         <input_file_ref idref="fl-dc"/>
      </object_component>
      <object_component id="oc-3d4">
         <name>.const:dp_h</name>
         <load_address>0x17e38</load_address>
         <run_address>0x17e38</run_address>
         <size>0x10</size>
         <input_file_ref idref="fl-dc"/>
      </object_component>
      <object_component id="oc-3d7">
         <name>.const:dp_l</name>
         <load_address>0x17e48</load_address>
         <run_address>0x17e48</run_address>
         <size>0x10</size>
         <input_file_ref idref="fl-dc"/>
      </object_component>
      <object_component id="oc-1e4">
         <name>.kernelBSS:init</name>
         <load_address>0x80008d0</load_address>
         <run_address>0x80008d0</run_address>
         <size>0x34</size>
         <input_file_ref idref="fl-12"/>
      </object_component>
      <object_component id="oc-30d">
         <name>.kernelBSS:uninit</name>
         <load_address>0x8000800</load_address>
         <run_address>0x8000800</run_address>
         <size>0xd0</size>
         <input_file_ref idref="fl-12"/>
      </object_component>
      <object_component id="oc-4ca">
         <name>.kernelHEAP</name>
         <uninitialized>true</uninitialized>
         <run_address>0x8001000</run_address>
         <size>0x2000</size>
         <input_file_ref idref="fl-c"/>
      </object_component>
      <object_component id="oc-408">
         <name>.bss:xStart</name>
         <uninitialized>true</uninitialized>
         <run_address>0x80030b4</run_address>
         <size>0x8</size>
         <input_file_ref idref="fl-c"/>
      </object_component>
      <object_component id="oc-b3">
         <name>.bss:g_sciTransfer_t</name>
         <uninitialized>true</uninitialized>
         <run_address>0x8003068</run_address>
         <size>0x14</size>
         <input_file_ref idref="fl-15"/>
      </object_component>
      <object_component id="oc-b7">
         <name>.bss:g_spiPacket_t</name>
         <uninitialized>true</uninitialized>
         <run_address>0x8003000</run_address>
         <size>0x48</size>
         <input_file_ref idref="fl-16"/>
      </object_component>
      <object_component id="oc-1bb">
         <name>.bss:BuffReceive</name>
         <uninitialized>true</uninitialized>
         <run_address>0x80030ac</run_address>
         <size>0x8</size>
         <input_file_ref idref="fl-19"/>
      </object_component>
      <object_component id="oc-1be">
         <name>.common:SPI1_data_configCh2</name>
         <uninitialized>true</uninitialized>
         <run_address>0x800307c</run_address>
         <size>0x4</size>
      </object_component>
      <object_component id="oc-2c8">
         <name>.common:command</name>
         <uninitialized>true</uninitialized>
         <run_address>0x8003048</run_address>
         <size>0x20</size>
      </object_component>
      <object_component id="oc-1c6">
         <name>.common:BLDC_1</name>
         <uninitialized>true</uninitialized>
         <run_address>0x8003080</run_address>
         <size>0x10</size>
      </object_component>
      <object_component id="oc-1c7">
         <name>.common:BLDC_2</name>
         <uninitialized>true</uninitialized>
         <run_address>0x8003090</run_address>
         <size>0x10</size>
      </object_component>
      <object_component id="oc-1c8">
         <name>.common:sciBuffer</name>
         <uninitialized>true</uninitialized>
         <run_address>0x80030a0</run_address>
         <size>0xc</size>
      </object_component>
      <object_component id="oc-1c9">
         <name>.common:cadenaTemporal</name>
         <uninitialized>true</uninitialized>
         <run_address>0x80030c4</run_address>
         <size>0x8</size>
      </object_component>
      <object_component id="oc-1ca">
         <name>.common:buffer</name>
         <uninitialized>true</uninitialized>
         <run_address>0x80030bc</run_address>
         <size>0x8</size>
      </object_component>
      <object_component id="oc-2cc">
         <name>.data:ComandoSPI_MPU</name>
         <load_address>0x8003146</load_address>
         <run_address>0x8003146</run_address>
         <size>0x8</size>
         <input_file_ref idref="fl-2"/>
      </object_component>
      <object_component id="oc-2cf">
         <name>.data:DatoSPI01_MPU</name>
         <load_address>0x800314e</load_address>
         <run_address>0x800314e</run_address>
         <size>0x8</size>
         <input_file_ref idref="fl-2"/>
      </object_component>
      <object_component id="oc-2c9">
         <name>.data:AK8963ReadOut</name>
         <load_address>0x8003138</load_address>
         <run_address>0x8003138</run_address>
         <size>0xe</size>
         <input_file_ref idref="fl-2"/>
      </object_component>
      <object_component id="oc-405">
         <name>.data</name>
         <load_address>0x8003128</load_address>
         <run_address>0x8003128</run_address>
         <size>0x10</size>
         <input_file_ref idref="fl-c"/>
      </object_component>
      <object_component id="oc-1e7">
         <name>.data</name>
         <load_address>0x8003158</load_address>
         <run_address>0x8003158</run_address>
         <size>0x8</size>
         <input_file_ref idref="fl-f"/>
      </object_component>
      <object_component id="oc-1c3">
         <name>.data</name>
         <load_address>0x80030cc</load_address>
         <run_address>0x80030cc</run_address>
         <size>0x5c</size>
         <input_file_ref idref="fl-19"/>
      </object_component>
      <object_component id="oc-498">
         <name>.data</name>
         <load_address>0x8003160</load_address>
         <run_address>0x8003160</run_address>
         <size>0x4</size>
         <input_file_ref idref="fl-fd"/>
      </object_component>
      <object_component id="oc-1bf">
         <name>.debug_info</name>
         <load_address>0x0</load_address>
         <run_address>0x0</run_address>
         <size>0x434</size>
         <input_file_ref idref="fl-2"/>
      </object_component>
      <object_component id="oc-2cd">
         <name>.debug_info</name>
         <load_address>0x434</load_address>
         <run_address>0x434</run_address>
         <size>0xe2</size>
         <input_file_ref idref="fl-2"/>
      </object_component>
      <object_component id="oc-2d0">
         <name>.debug_info</name>
         <load_address>0x516</load_address>
         <run_address>0x516</run_address>
         <size>0xe0</size>
         <input_file_ref idref="fl-2"/>
      </object_component>
      <object_component id="oc-2ca">
         <name>.debug_info</name>
         <load_address>0x5f6</load_address>
         <run_address>0x5f6</run_address>
         <size>0xe0</size>
         <input_file_ref idref="fl-2"/>
      </object_component>
      <object_component id="oc-15b">
         <name>.debug_info</name>
         <load_address>0x6d6</load_address>
         <run_address>0x6d6</run_address>
         <size>0x1d4e</size>
         <input_file_ref idref="fl-2"/>
      </object_component>
      <object_component id="oc-1ed">
         <name>.debug_info</name>
         <load_address>0x2424</load_address>
         <run_address>0x2424</run_address>
         <size>0x26b</size>
         <input_file_ref idref="fl-2"/>
      </object_component>
      <object_component id="oc-a6">
         <name>.debug_info</name>
         <load_address>0x268f</load_address>
         <run_address>0x268f</run_address>
         <size>0x157</size>
         <input_file_ref idref="fl-2"/>
      </object_component>
      <object_component id="oc-23b">
         <name>.debug_info</name>
         <load_address>0x27e6</load_address>
         <run_address>0x27e6</run_address>
         <size>0x791</size>
         <input_file_ref idref="fl-2"/>
      </object_component>
      <object_component id="oc-bc">
         <name>.debug_info</name>
         <load_address>0x2f77</load_address>
         <run_address>0x2f77</run_address>
         <size>0x375</size>
         <input_file_ref idref="fl-2"/>
      </object_component>
      <object_component id="oc-ce">
         <name>.debug_info</name>
         <load_address>0x32ec</load_address>
         <run_address>0x32ec</run_address>
         <size>0x8b</size>
         <input_file_ref idref="fl-2"/>
      </object_component>
      <object_component id="oc-36d">
         <name>.debug_info</name>
         <load_address>0x3377</load_address>
         <run_address>0x3377</run_address>
         <size>0x2a4</size>
         <input_file_ref idref="fl-2"/>
      </object_component>
      <object_component id="oc-1df">
         <name>.debug_info</name>
         <load_address>0x361b</load_address>
         <run_address>0x361b</run_address>
         <size>0xbb</size>
         <input_file_ref idref="fl-2"/>
      </object_component>
      <object_component id="oc-22e">
         <name>.debug_info</name>
         <load_address>0x36d6</load_address>
         <run_address>0x36d6</run_address>
         <size>0x2c</size>
         <input_file_ref idref="fl-2"/>
      </object_component>
      <object_component id="oc-d3">
         <name>.debug_info</name>
         <load_address>0x3702</load_address>
         <run_address>0x3702</run_address>
         <size>0x86</size>
         <input_file_ref idref="fl-2"/>
      </object_component>
      <object_component id="oc-33d">
         <name>.debug_info</name>
         <load_address>0x3788</load_address>
         <run_address>0x3788</run_address>
         <size>0x2c</size>
         <input_file_ref idref="fl-2"/>
      </object_component>
      <object_component id="oc-24a">
         <name>.debug_info</name>
         <load_address>0x37b4</load_address>
         <run_address>0x37b4</run_address>
         <size>0x35</size>
         <input_file_ref idref="fl-2"/>
      </object_component>
      <object_component id="oc-1fc">
         <name>.debug_info</name>
         <load_address>0x37e9</load_address>
         <run_address>0x37e9</run_address>
         <size>0x1f9</size>
         <input_file_ref idref="fl-2"/>
      </object_component>
      <object_component id="oc-3a1">
         <name>.debug_info</name>
         <load_address>0x39e2</load_address>
         <run_address>0x39e2</run_address>
         <size>0xda</size>
         <input_file_ref idref="fl-2"/>
      </object_component>
      <object_component id="oc-259">
         <name>.debug_info</name>
         <load_address>0x3abc</load_address>
         <run_address>0x3abc</run_address>
         <size>0x3d3</size>
         <input_file_ref idref="fl-2"/>
      </object_component>
      <object_component id="oc-2b1">
         <name>.debug_info</name>
         <load_address>0x3e8f</load_address>
         <run_address>0x3e8f</run_address>
         <size>0x2e3</size>
         <input_file_ref idref="fl-2"/>
      </object_component>
      <object_component id="oc-34d">
         <name>.debug_info</name>
         <load_address>0x4172</load_address>
         <run_address>0x4172</run_address>
         <size>0x243</size>
         <input_file_ref idref="fl-2"/>
      </object_component>
      <object_component id="oc-37d">
         <name>.debug_info</name>
         <load_address>0x43b5</load_address>
         <run_address>0x43b5</run_address>
         <size>0x18e</size>
         <input_file_ref idref="fl-2"/>
      </object_component>
      <object_component id="oc-221">
         <name>.debug_info</name>
         <load_address>0x4543</load_address>
         <run_address>0x4543</run_address>
         <size>0x26c</size>
         <input_file_ref idref="fl-2"/>
      </object_component>
      <object_component id="oc-324">
         <name>.debug_info</name>
         <load_address>0x47af</load_address>
         <run_address>0x47af</run_address>
         <size>0x1a4</size>
         <input_file_ref idref="fl-3"/>
      </object_component>
      <object_component id="oc-321">
         <name>.debug_info</name>
         <load_address>0x4953</load_address>
         <run_address>0x4953</run_address>
         <size>0xe3</size>
         <input_file_ref idref="fl-3"/>
      </object_component>
      <object_component id="oc-195">
         <name>.debug_info</name>
         <load_address>0x4a36</load_address>
         <run_address>0x4a36</run_address>
         <size>0x224</size>
         <input_file_ref idref="fl-3"/>
      </object_component>
      <object_component id="oc-1f2">
         <name>.debug_info</name>
         <load_address>0x4c5a</load_address>
         <run_address>0x4c5a</run_address>
         <size>0x1de</size>
         <input_file_ref idref="fl-3"/>
      </object_component>
      <object_component id="oc-10c">
         <name>.debug_info</name>
         <load_address>0x4e38</load_address>
         <run_address>0x4e38</run_address>
         <size>0x129</size>
         <input_file_ref idref="fl-3"/>
      </object_component>
      <object_component id="oc-c4">
         <name>.debug_info</name>
         <load_address>0x4f61</load_address>
         <run_address>0x4f61</run_address>
         <size>0xf4</size>
         <input_file_ref idref="fl-4"/>
      </object_component>
      <object_component id="oc-236">
         <name>.debug_info</name>
         <load_address>0x5055</load_address>
         <run_address>0x5055</run_address>
         <size>0x185</size>
         <input_file_ref idref="fl-5"/>
      </object_component>
      <object_component id="oc-7c">
         <name>.debug_info</name>
         <load_address>0x51da</load_address>
         <run_address>0x51da</run_address>
         <size>0x634</size>
         <input_file_ref idref="fl-5"/>
      </object_component>
      <object_component id="oc-56">
         <name>.debug_info</name>
         <load_address>0x580e</load_address>
         <run_address>0x580e</run_address>
         <size>0x84</size>
         <input_file_ref idref="fl-5"/>
      </object_component>
      <object_component id="oc-f6">
         <name>.debug_info</name>
         <load_address>0x5892</load_address>
         <run_address>0x5892</run_address>
         <size>0x9e7</size>
         <input_file_ref idref="fl-5"/>
      </object_component>
      <object_component id="oc-111">
         <name>.debug_info</name>
         <load_address>0x6279</load_address>
         <run_address>0x6279</run_address>
         <size>0x1dd</size>
         <input_file_ref idref="fl-6"/>
      </object_component>
      <object_component id="oc-93">
         <name>.debug_info</name>
         <load_address>0x6456</load_address>
         <run_address>0x6456</run_address>
         <size>0xb20</size>
         <input_file_ref idref="fl-6"/>
      </object_component>
      <object_component id="oc-25">
         <name>.debug_info</name>
         <load_address>0x6f76</load_address>
         <run_address>0x6f76</run_address>
         <size>0x180</size>
         <input_file_ref idref="fl-6"/>
      </object_component>
      <object_component id="oc-c9">
         <name>.debug_info</name>
         <load_address>0x70f6</load_address>
         <run_address>0x70f6</run_address>
         <size>0x18c</size>
         <input_file_ref idref="fl-6"/>
      </object_component>
      <object_component id="oc-20b">
         <name>.debug_info</name>
         <load_address>0x7282</load_address>
         <run_address>0x7282</run_address>
         <size>0x2cf</size>
         <input_file_ref idref="fl-6"/>
      </object_component>
      <object_component id="oc-291">
         <name>.debug_info</name>
         <load_address>0x7551</load_address>
         <run_address>0x7551</run_address>
         <size>0x160</size>
         <input_file_ref idref="fl-7"/>
      </object_component>
      <object_component id="oc-143">
         <name>.debug_info</name>
         <load_address>0x76b1</load_address>
         <run_address>0x76b1</run_address>
         <size>0x6cd</size>
         <input_file_ref idref="fl-7"/>
      </object_component>
      <object_component id="oc-2b0">
         <name>.debug_info</name>
         <load_address>0x7d7e</load_address>
         <run_address>0x7d7e</run_address>
         <size>0x1bc</size>
         <input_file_ref idref="fl-8"/>
      </object_component>
      <object_component id="oc-2ad">
         <name>.debug_info</name>
         <load_address>0x7f3a</load_address>
         <run_address>0x7f3a</run_address>
         <size>0xe3</size>
         <input_file_ref idref="fl-8"/>
      </object_component>
      <object_component id="oc-2aa">
         <name>.debug_info</name>
         <load_address>0x801d</load_address>
         <run_address>0x801d</run_address>
         <size>0xd7</size>
         <input_file_ref idref="fl-8"/>
      </object_component>
      <object_component id="oc-158">
         <name>.debug_info</name>
         <load_address>0x80f4</load_address>
         <run_address>0x80f4</run_address>
         <size>0xe91</size>
         <input_file_ref idref="fl-8"/>
      </object_component>
      <object_component id="oc-1de">
         <name>.debug_info</name>
         <load_address>0x8f85</load_address>
         <run_address>0x8f85</run_address>
         <size>0x333</size>
         <input_file_ref idref="fl-9"/>
      </object_component>
      <object_component id="oc-a0">
         <name>.debug_info</name>
         <load_address>0x92b8</load_address>
         <run_address>0x92b8</run_address>
         <size>0x9ef</size>
         <input_file_ref idref="fl-9"/>
      </object_component>
      <object_component id="oc-240">
         <name>.debug_info</name>
         <load_address>0x9ca7</load_address>
         <run_address>0x9ca7</run_address>
         <size>0x4de</size>
         <input_file_ref idref="fl-9"/>
      </object_component>
      <object_component id="oc-245">
         <name>.debug_info</name>
         <load_address>0xa185</load_address>
         <run_address>0xa185</run_address>
         <size>0x3ce</size>
         <input_file_ref idref="fl-9"/>
      </object_component>
      <object_component id="oc-24f">
         <name>.debug_info</name>
         <load_address>0xa553</load_address>
         <run_address>0xa553</run_address>
         <size>0x437</size>
         <input_file_ref idref="fl-9"/>
      </object_component>
      <object_component id="oc-27a">
         <name>.debug_info</name>
         <load_address>0xa98a</load_address>
         <run_address>0xa98a</run_address>
         <size>0x37b</size>
         <input_file_ref idref="fl-9"/>
      </object_component>
      <object_component id="oc-254">
         <name>.debug_info</name>
         <load_address>0xad05</load_address>
         <run_address>0xad05</run_address>
         <size>0x1ca</size>
         <input_file_ref idref="fl-9"/>
      </object_component>
      <object_component id="oc-1f7">
         <name>.debug_info</name>
         <load_address>0xaecf</load_address>
         <run_address>0xaecf</run_address>
         <size>0x435</size>
         <input_file_ref idref="fl-9"/>
      </object_component>
      <object_component id="oc-26d">
         <name>.debug_info</name>
         <load_address>0xb304</load_address>
         <run_address>0xb304</run_address>
         <size>0x510</size>
         <input_file_ref idref="fl-9"/>
      </object_component>
      <object_component id="oc-263">
         <name>.debug_info</name>
         <load_address>0xb814</load_address>
         <run_address>0xb814</run_address>
         <size>0x1de</size>
         <input_file_ref idref="fl-9"/>
      </object_component>
      <object_component id="oc-272">
         <name>.debug_info</name>
         <load_address>0xb9f2</load_address>
         <run_address>0xb9f2</run_address>
         <size>0x17a</size>
         <input_file_ref idref="fl-9"/>
      </object_component>
      <object_component id="oc-201">
         <name>.debug_info</name>
         <load_address>0xbb6c</load_address>
         <run_address>0xbb6c</run_address>
         <size>0x642</size>
         <input_file_ref idref="fl-9"/>
      </object_component>
      <object_component id="oc-206">
         <name>.debug_info</name>
         <load_address>0xc1ae</load_address>
         <run_address>0xc1ae</run_address>
         <size>0x13e</size>
         <input_file_ref idref="fl-9"/>
      </object_component>
      <object_component id="oc-360">
         <name>.debug_info</name>
         <load_address>0xc2ec</load_address>
         <run_address>0xc2ec</run_address>
         <size>0x1cc</size>
         <input_file_ref idref="fl-a"/>
      </object_component>
      <object_component id="oc-2ec">
         <name>.debug_info</name>
         <load_address>0xc4b8</load_address>
         <run_address>0xc4b8</run_address>
         <size>0x30c</size>
         <input_file_ref idref="fl-a"/>
      </object_component>
      <object_component id="oc-359">
         <name>.debug_info</name>
         <load_address>0xc7c4</load_address>
         <run_address>0xc7c4</run_address>
         <size>0x379</size>
         <input_file_ref idref="fl-a"/>
      </object_component>
      <object_component id="oc-1cc">
         <name>.debug_info</name>
         <load_address>0xcb3d</load_address>
         <run_address>0xcb3d</run_address>
         <size>0xe1</size>
         <input_file_ref idref="fl-a"/>
      </object_component>
      <object_component id="oc-469">
         <name>.debug_info</name>
         <load_address>0xcc1e</load_address>
         <run_address>0xcc1e</run_address>
         <size>0xcc</size>
         <input_file_ref idref="fl-a"/>
      </object_component>
      <object_component id="oc-2e6">
         <name>.debug_info</name>
         <load_address>0xccea</load_address>
         <run_address>0xccea</run_address>
         <size>0x2c</size>
         <input_file_ref idref="fl-a"/>
      </object_component>
      <object_component id="oc-354">
         <name>.debug_info</name>
         <load_address>0xcd16</load_address>
         <run_address>0xcd16</run_address>
         <size>0x14c</size>
         <input_file_ref idref="fl-a"/>
      </object_component>
      <object_component id="oc-3f7">
         <name>.debug_info</name>
         <load_address>0xce62</load_address>
         <run_address>0xce62</run_address>
         <size>0x543</size>
         <input_file_ref idref="fl-b"/>
      </object_component>
      <object_component id="oc-2e0">
         <name>.debug_info</name>
         <load_address>0xd3a5</load_address>
         <run_address>0xd3a5</run_address>
         <size>0x146f</size>
         <input_file_ref idref="fl-b"/>
      </object_component>
      <object_component id="oc-3f1">
         <name>.debug_info</name>
         <load_address>0xe814</load_address>
         <run_address>0xe814</run_address>
         <size>0x110</size>
         <input_file_ref idref="fl-b"/>
      </object_component>
      <object_component id="oc-2f6">
         <name>.debug_info</name>
         <load_address>0xe924</load_address>
         <run_address>0xe924</run_address>
         <size>0x39</size>
         <input_file_ref idref="fl-b"/>
      </object_component>
      <object_component id="oc-3fa">
         <name>.debug_info</name>
         <load_address>0xe95d</load_address>
         <run_address>0xe95d</run_address>
         <size>0x46</size>
         <input_file_ref idref="fl-b"/>
      </object_component>
      <object_component id="oc-4c5">
         <name>.debug_info</name>
         <load_address>0xe9a3</load_address>
         <run_address>0xe9a3</run_address>
         <size>0x62</size>
         <input_file_ref idref="fl-b"/>
      </object_component>
      <object_component id="oc-40c">
         <name>.debug_info</name>
         <load_address>0xea05</load_address>
         <run_address>0xea05</run_address>
         <size>0x2eb</size>
         <input_file_ref idref="fl-c"/>
      </object_component>
      <object_component id="oc-4cb">
         <name>.debug_info</name>
         <load_address>0xecf0</load_address>
         <run_address>0xecf0</run_address>
         <size>0xd1</size>
         <input_file_ref idref="fl-c"/>
      </object_component>
      <object_component id="oc-409">
         <name>.debug_info</name>
         <load_address>0xedc1</load_address>
         <run_address>0xedc1</run_address>
         <size>0xd1</size>
         <input_file_ref idref="fl-c"/>
      </object_component>
      <object_component id="oc-406">
         <name>.debug_info</name>
         <load_address>0xee92</load_address>
         <run_address>0xee92</run_address>
         <size>0x185</size>
         <input_file_ref idref="fl-c"/>
      </object_component>
      <object_component id="oc-2fd">
         <name>.debug_info</name>
         <load_address>0xf017</load_address>
         <run_address>0xf017</run_address>
         <size>0x52e</size>
         <input_file_ref idref="fl-c"/>
      </object_component>
      <object_component id="oc-402">
         <name>.debug_info</name>
         <load_address>0xf545</load_address>
         <run_address>0xf545</run_address>
         <size>0x2a8</size>
         <input_file_ref idref="fl-c"/>
      </object_component>
      <object_component id="oc-4d2">
         <name>.debug_info</name>
         <load_address>0xf7ed</load_address>
         <run_address>0xf7ed</run_address>
         <size>0x62</size>
         <input_file_ref idref="fl-c"/>
      </object_component>
      <object_component id="oc-40e">
         <name>.debug_info</name>
         <load_address>0xf84f</load_address>
         <run_address>0xf84f</run_address>
         <size>0x226</size>
         <input_file_ref idref="fl-d"/>
      </object_component>
      <object_component id="oc-302">
         <name>.debug_info</name>
         <load_address>0xfa75</load_address>
         <run_address>0xfa75</run_address>
         <size>0x4af</size>
         <input_file_ref idref="fl-d"/>
      </object_component>
      <object_component id="oc-2eb">
         <name>.debug_info</name>
         <load_address>0xff24</load_address>
         <run_address>0xff24</run_address>
         <size>0xcf2</size>
         <input_file_ref idref="fl-e"/>
      </object_component>
      <object_component id="oc-161">
         <name>.debug_info</name>
         <load_address>0x10c16</load_address>
         <run_address>0x10c16</run_address>
         <size>0x3b0b</size>
         <input_file_ref idref="fl-e"/>
      </object_component>
      <object_component id="oc-2f1">
         <name>.debug_info</name>
         <load_address>0x14721</load_address>
         <run_address>0x14721</run_address>
         <size>0x46</size>
         <input_file_ref idref="fl-e"/>
      </object_component>
      <object_component id="oc-416">
         <name>.debug_info</name>
         <load_address>0x14767</load_address>
         <run_address>0x14767</run_address>
         <size>0x33e</size>
         <input_file_ref idref="fl-f"/>
      </object_component>
      <object_component id="oc-1e8">
         <name>.debug_info</name>
         <load_address>0x14aa5</load_address>
         <run_address>0x14aa5</run_address>
         <size>0x11f</size>
         <input_file_ref idref="fl-f"/>
      </object_component>
      <object_component id="oc-309">
         <name>.debug_info</name>
         <load_address>0x14bc4</load_address>
         <run_address>0x14bc4</run_address>
         <size>0x5b1</size>
         <input_file_ref idref="fl-f"/>
      </object_component>
      <object_component id="oc-411">
         <name>.debug_info</name>
         <load_address>0x15175</load_address>
         <run_address>0x15175</run_address>
         <size>0x357</size>
         <input_file_ref idref="fl-f"/>
      </object_component>
      <object_component id="oc-ad">
         <name>.debug_info</name>
         <load_address>0x154cc</load_address>
         <run_address>0x154cc</run_address>
         <size>0x49a</size>
         <input_file_ref idref="fl-10"/>
      </object_component>
      <object_component id="oc-3f0">
         <name>.debug_info</name>
         <load_address>0x15966</load_address>
         <run_address>0x15966</run_address>
         <size>0x5a3</size>
         <input_file_ref idref="fl-11"/>
      </object_component>
      <object_component id="oc-2da">
         <name>.debug_info</name>
         <load_address>0x15f09</load_address>
         <run_address>0x15f09</run_address>
         <size>0x23f5</size>
         <input_file_ref idref="fl-11"/>
      </object_component>
      <object_component id="oc-4be">
         <name>.debug_info</name>
         <load_address>0x182fe</load_address>
         <run_address>0x182fe</run_address>
         <size>0x155</size>
         <input_file_ref idref="fl-11"/>
      </object_component>
      <object_component id="oc-317">
         <name>.debug_info</name>
         <load_address>0x18453</load_address>
         <run_address>0x18453</run_address>
         <size>0x71a</size>
         <input_file_ref idref="fl-12"/>
      </object_component>
      <object_component id="oc-1e5">
         <name>.debug_info</name>
         <load_address>0x18b6d</load_address>
         <run_address>0x18b6d</run_address>
         <size>0x342</size>
         <input_file_ref idref="fl-12"/>
      </object_component>
      <object_component id="oc-30e">
         <name>.debug_info</name>
         <load_address>0x18eaf</load_address>
         <run_address>0x18eaf</run_address>
         <size>0x26e</size>
         <input_file_ref idref="fl-12"/>
      </object_component>
      <object_component id="oc-169">
         <name>.debug_info</name>
         <load_address>0x1911d</load_address>
         <run_address>0x1911d</run_address>
         <size>0x4b82</size>
         <input_file_ref idref="fl-12"/>
      </object_component>
      <object_component id="oc-2d5">
         <name>.debug_info</name>
         <load_address>0x1dc9f</load_address>
         <run_address>0x1dc9f</run_address>
         <size>0x3f0</size>
         <input_file_ref idref="fl-12"/>
      </object_component>
      <object_component id="oc-41d">
         <name>.debug_info</name>
         <load_address>0x1e08f</load_address>
         <run_address>0x1e08f</run_address>
         <size>0x146</size>
         <input_file_ref idref="fl-12"/>
      </object_component>
      <object_component id="oc-238">
         <name>.debug_info</name>
         <load_address>0x1e1d5</load_address>
         <run_address>0x1e1d5</run_address>
         <size>0x147</size>
         <input_file_ref idref="fl-14"/>
      </object_component>
      <object_component id="oc-fd">
         <name>.debug_info</name>
         <load_address>0x1e31c</load_address>
         <run_address>0x1e31c</run_address>
         <size>0x1da</size>
         <input_file_ref idref="fl-14"/>
      </object_component>
      <object_component id="oc-25e">
         <name>.debug_info</name>
         <load_address>0x1e4f6</load_address>
         <run_address>0x1e4f6</run_address>
         <size>0x1d8</size>
         <input_file_ref idref="fl-14"/>
      </object_component>
      <object_component id="oc-386">
         <name>.debug_info</name>
         <load_address>0x1e6ce</load_address>
         <run_address>0x1e6ce</run_address>
         <size>0xc6</size>
         <input_file_ref idref="fl-14"/>
      </object_component>
      <object_component id="oc-217">
         <name>.debug_info</name>
         <load_address>0x1e794</load_address>
         <run_address>0x1e794</run_address>
         <size>0x1d4</size>
         <input_file_ref idref="fl-15"/>
      </object_component>
      <object_component id="oc-b4">
         <name>.debug_info</name>
         <load_address>0x1e968</load_address>
         <run_address>0x1e968</run_address>
         <size>0xdf</size>
         <input_file_ref idref="fl-15"/>
      </object_component>
      <object_component id="oc-14a">
         <name>.debug_info</name>
         <load_address>0x1ea47</load_address>
         <run_address>0x1ea47</run_address>
         <size>0xc31</size>
         <input_file_ref idref="fl-15"/>
      </object_component>
      <object_component id="oc-2f">
         <name>.debug_info</name>
         <load_address>0x1f678</load_address>
         <run_address>0x1f678</run_address>
         <size>0x36d</size>
         <input_file_ref idref="fl-15"/>
      </object_component>
      <object_component id="oc-378">
         <name>.debug_info</name>
         <load_address>0x1f9e5</load_address>
         <run_address>0x1f9e5</run_address>
         <size>0x91</size>
         <input_file_ref idref="fl-15"/>
      </object_component>
      <object_component id="oc-bb">
         <name>.debug_info</name>
         <load_address>0x1fa76</load_address>
         <run_address>0x1fa76</run_address>
         <size>0x202</size>
         <input_file_ref idref="fl-16"/>
      </object_component>
      <object_component id="oc-b8">
         <name>.debug_info</name>
         <load_address>0x1fc78</load_address>
         <run_address>0x1fc78</run_address>
         <size>0xdb</size>
         <input_file_ref idref="fl-16"/>
      </object_component>
      <object_component id="oc-14f">
         <name>.debug_info</name>
         <load_address>0x1fd53</load_address>
         <run_address>0x1fd53</run_address>
         <size>0xf6d</size>
         <input_file_ref idref="fl-16"/>
      </object_component>
      <object_component id="oc-34">
         <name>.debug_info</name>
         <load_address>0x20cc0</load_address>
         <run_address>0x20cc0</run_address>
         <size>0x455</size>
         <input_file_ref idref="fl-16"/>
      </object_component>
      <object_component id="oc-21c">
         <name>.debug_info</name>
         <load_address>0x21115</load_address>
         <run_address>0x21115</run_address>
         <size>0xb9</size>
         <input_file_ref idref="fl-16"/>
      </object_component>
      <object_component id="oc-74">
         <name>.debug_info</name>
         <load_address>0x211ce</load_address>
         <run_address>0x211ce</run_address>
         <size>0x775</size>
         <input_file_ref idref="fl-17"/>
      </object_component>
      <object_component id="oc-3c">
         <name>.debug_info</name>
         <load_address>0x21943</load_address>
         <run_address>0x21943</run_address>
         <size>0xfc</size>
         <input_file_ref idref="fl-18"/>
      </object_component>
      <object_component id="oc-1c1">
         <name>.debug_info</name>
         <load_address>0x21a3f</load_address>
         <run_address>0x21a3f</run_address>
         <size>0x892</size>
         <input_file_ref idref="fl-19"/>
      </object_component>
      <object_component id="oc-1c4">
         <name>.debug_info</name>
         <load_address>0x222d1</load_address>
         <run_address>0x222d1</run_address>
         <size>0x36f</size>
         <input_file_ref idref="fl-19"/>
      </object_component>
      <object_component id="oc-1bc">
         <name>.debug_info</name>
         <load_address>0x22640</load_address>
         <run_address>0x22640</run_address>
         <size>0xdc</size>
         <input_file_ref idref="fl-19"/>
      </object_component>
      <object_component id="oc-98">
         <name>.debug_info</name>
         <load_address>0x2271c</load_address>
         <run_address>0x2271c</run_address>
         <size>0xf6b</size>
         <input_file_ref idref="fl-19"/>
      </object_component>
      <object_component id="oc-38b">
         <name>.debug_info</name>
         <load_address>0x23687</load_address>
         <run_address>0x23687</run_address>
         <size>0x166</size>
         <input_file_ref idref="fl-1b"/>
      </object_component>
      <object_component id="oc-47e">
         <name>.debug_info</name>
         <load_address>0x237ed</load_address>
         <run_address>0x237ed</run_address>
         <size>0x242</size>
         <input_file_ref idref="fl-1b"/>
      </object_component>
[...]
         <value>0x87bc</value>
         <object_component_ref idref="oc-8a"/>
      </symbol>
      <symbol id="sm-bcf">
         <name>checkRAMECC</name>
         <value>0x93bc</value>
         <object_component_ref idref="oc-8a"/>
      </symbol>
      <symbol id="sm-bd0">
         <name>stcSelfCheckFail</name>
         <value>0x8df8</value>
         <object_component_ref idref="oc-8a"/>
      </symbol>
      <symbol id="sm-bd1">
         <name>ccmSelfCheck</name>
         <value>0x8030</value>
         <object_component_ref idref="oc-8a"/>
      </symbol>
      <symbol id="sm-bd2">
         <name>efcCheck</name>
         <value>0x8660</value>
         <object_component_ref idref="oc-8a"/>
      </symbol>
      <symbol id="sm-bd3">
         <name>cpuSelfTest</name>
         <value>0x8234</value>
         <object_component_ref idref="oc-8a"/>
      </symbol>
      <symbol id="sm-bd4">
         <name>htu1ParityCheck</name>
         <value>0x8f4c</value>
         <object_component_ref idref="oc-8a"/>
      </symbol>
      <symbol id="sm-bd5">
         <name>checkFlashECC</name>
         <value>0x8d18</value>
         <object_component_ref idref="oc-8a"/>
      </symbol>
      <symbol id="sm-bd6">
         <name>cpuSelfTestFail</name>
         <value>0x8dfc</value>
         <object_component_ref idref="oc-8a"/>
      </symbol>
      <symbol id="sm-bd7">
         <name>checkPLL1Slip</name>
         <value>0x9880</value>
         <object_component_ref idref="oc-8a"/>
      </symbol>
      <symbol id="sm-bd8">
         <name>mibspi1ParityCheck</name>
         <value>0x9260</value>
         <object_component_ref idref="oc-8a"/>
      </symbol>
      <symbol id="sm-bd9">
         <name>ccmr4GetConfigValue</name>
         <value>0xa034</value>
         <object_component_ref idref="oc-8a"/>
      </symbol>
      <symbol id="sm-bda">
         <name>pbistPortTestStatus</name>
         <value>0x8608</value>
         <object_component_ref idref="oc-8a"/>
      </symbol>
      <symbol id="sm-bdb">
         <name>checkFlashEEPROMECC</name>
         <value>0x96d8</value>
         <object_component_ref idref="oc-8a"/>
      </symbol>
      <symbol id="sm-bdc">
         <name>pbistGetConfigValue</name>
         <value>0x9db0</value>
         <object_component_ref idref="oc-8a"/>
      </symbol>
      <symbol id="sm-bdd">
         <name>vimParityCheck</name>
         <value>0x8e00</value>
         <object_component_ref idref="oc-8a"/>
      </symbol>
      <symbol id="sm-bde">
         <name>pbistIsTestCompleted</name>
         <value>0x85a8</value>
         <object_component_ref idref="oc-8a"/>
      </symbol>
      <symbol id="sm-bdf">
         <name>disableParity</name>
         <value>0xa424</value>
         <object_component_ref idref="oc-8a"/>
      </symbol>
      <symbol id="sm-be0">
         <name>pbistRun</name>
         <value>0x84ac</value>
         <object_component_ref idref="oc-8a"/>
      </symbol>
      <symbol id="sm-be1">
         <name>pbistFail</name>
         <value>0x9d2c</value>
         <object_component_ref idref="oc-8a"/>
      </symbol>
      <symbol id="sm-be2">
         <name>selftestFailNotification</name>
         <value>0x8020</value>
         <object_component_ref idref="oc-8a"/>
      </symbol>
      <symbol id="sm-be3">
         <name>errata_PBIST_4</name>
         <value>0xa0b0</value>
         <object_component_ref idref="oc-8a"/>
      </symbol>
      <symbol id="sm-be4">
         <name>efcSelfTest</name>
         <value>0x8794</value>
         <object_component_ref idref="oc-8a"/>
      </symbol>
      <symbol id="sm-be5">
         <name>checkB1RAMECC</name>
         <value>0x8b28</value>
         <object_component_ref idref="oc-8a"/>
      </symbol>
      <symbol id="sm-be6">
         <name>pbistStop</name>
         <value>0x8578</value>
         <object_component_ref idref="oc-8a"/>
      </symbol>
      <symbol id="sm-be7">
         <name>checkRAMAddrParity</name>
         <value>0x999c</value>
         <object_component_ref idref="oc-8a"/>
      </symbol>
      <symbol id="sm-be8">
         <name>checkB0RAMECC</name>
         <value>0x8938</value>
         <object_component_ref idref="oc-8a"/>
      </symbol>
      <symbol id="sm-be9">
         <name>stcGetConfigValue</name>
         <value>0x9ef8</value>
         <object_component_ref idref="oc-8a"/>
      </symbol>
      <symbol id="sm-bea">
         <name>pbistIsTestPassed</name>
         <value>0x85d4</value>
         <object_component_ref idref="oc-8a"/>
      </symbol>
      <symbol id="sm-beb">
         <name>checkClockMonitor</name>
         <value>0x9604</value>
         <object_component_ref idref="oc-8a"/>
      </symbol>
      <symbol id="sm-bec">
         <name>fmcECCcheck</name>
         <value>0x8898</value>
         <object_component_ref idref="oc-8a"/>
      </symbol>
      <symbol id="sm-bed">
         <name>fmcBus2Check</name>
         <value>0x885c</value>
         <object_component_ref idref="oc-8a"/>
      </symbol>
      <symbol id="sm-bee">
         <name>checkRAMUERRTest</name>
         <value>0x9aa4</value>
         <object_component_ref idref="oc-8a"/>
      </symbol>
      <symbol id="sm-bef">
         <name>efcStuckZeroTest</name>
         <value>0x86e8</value>
         <object_component_ref idref="oc-8a"/>
      </symbol>
      <symbol id="sm-c18">
         <name>_c_int00</name>
         <value>0x14d80</value>
         <object_component_ref idref="oc-1e"/>
      </symbol>
      <symbol id="sm-c19">
         <name>handlePLLLockFail</name>
         <value>0x17720</value>
         <object_component_ref idref="oc-7e"/>
      </symbol>
      <symbol id="sm-cb1">
         <name>vimChannelMap</name>
         <value>0x10fec</value>
         <object_component_ref idref="oc-45"/>
      </symbol>
      <symbol id="sm-cb2">
         <name>vimInit</name>
         <value>0x10f18</value>
         <object_component_ref idref="oc-45"/>
      </symbol>
      <symbol id="sm-cb3">
         <name>vimEnableInterrupt</name>
         <value>0x11090</value>
         <object_component_ref idref="oc-45"/>
      </symbol>
      <symbol id="sm-cb4">
         <name>vimDisableInterrupt</name>
         <value>0x111e8</value>
         <object_component_ref idref="oc-45"/>
      </symbol>
      <symbol id="sm-cb5">
         <name>vimGetConfigValue</name>
         <value>0x1126c</value>
         <object_component_ref idref="oc-45"/>
      </symbol>
      <symbol id="sm-cb6">
         <name>vimParityErrorHandler</name>
         <value>0x148e0</value>
         <object_component_ref idref="oc-44"/>
      </symbol>
      <symbol id="sm-d0a">
         <name>systemGetConfigValue</name>
         <value>0xf514</value>
         <object_component_ref idref="oc-84"/>
      </symbol>
      <symbol id="sm-d0b">
         <name>trimLPO</name>
         <value>0xf22c</value>
         <object_component_ref idref="oc-84"/>
      </symbol>
      <symbol id="sm-d0c">
         <name>systemInit</name>
         <value>0xf418</value>
         <object_component_ref idref="oc-84"/>
      </symbol>
      <symbol id="sm-d0d">
         <name>customTrimLPO</name>
         <value>0xfbbc</value>
         <object_component_ref idref="oc-84"/>
      </symbol>
      <symbol id="sm-d0e">
         <name>tcmflashGetConfigValue</name>
         <value>0xf8d4</value>
         <object_component_ref idref="oc-84"/>
      </symbol>
      <symbol id="sm-d0f">
         <name>sramGetConfigValue</name>
         <value>0xfa80</value>
         <object_component_ref idref="oc-84"/>
      </symbol>
      <symbol id="sm-d10">
         <name>periphInit</name>
         <value>0xf2e0</value>
         <object_component_ref idref="oc-84"/>
      </symbol>
      <symbol id="sm-d11">
         <name>setupFlash</name>
         <value>0xf2a0</value>
         <object_component_ref idref="oc-84"/>
      </symbol>
      <symbol id="sm-d12">
         <name>setupPLL</name>
         <value>0xf1dc</value>
         <object_component_ref idref="oc-84"/>
      </symbol>
      <symbol id="sm-d13">
         <name>mapClocks</name>
         <value>0xf334</value>
         <object_component_ref idref="oc-84"/>
      </symbol>
      <symbol id="sm-d14">
         <name>systemPowerDown</name>
         <value>0xf4e4</value>
         <object_component_ref idref="oc-84"/>
      </symbol>
      <symbol id="sm-d3b">
         <name>sprintf</name>
         <value>0x172bc</value>
         <object_component_ref idref="oc-1a9"/>
      </symbol>
      <symbol id="sm-dcd">
         <name>pow</name>
         <value>0xcaac</value>
         <object_component_ref idref="oc-2b6"/>
      </symbol>
      <symbol id="sm-dce">
         <name>powl</name>
         <value>0xcaac</value>
         <object_component_ref idref="oc-2b6"/>
      </symbol>
      <symbol id="sm-ded">
         <name>sqrtl</name>
         <value>0x151a8</value>
         <object_component_ref idref="oc-2bc"/>
      </symbol>
      <symbol id="sm-dee">
         <name>sqrt</name>
         <value>0x151a8</value>
         <object_component_ref idref="oc-2bc"/>
      </symbol>
      <symbol id="sm-e32">
         <name>atanl</name>
         <value>0x12f80</value>
         <object_component_ref idref="oc-2c2"/>
      </symbol>
      <symbol id="sm-e33">
         <name>atan</name>
         <value>0x12f80</value>
         <object_component_ref idref="oc-2c2"/>
      </symbol>
      <symbol id="sm-e4e">
         <name>floorl</name>
         <value>0x15d48</value>
         <object_component_ref idref="oc-297"/>
      </symbol>
      <symbol id="sm-e4f">
         <name>floor</name>
         <value>0x15d48</value>
         <object_component_ref idref="oc-297"/>
      </symbol>
      <symbol id="sm-e75">
         <name>scalbn</name>
         <value>0x163a4</value>
         <object_component_ref idref="oc-3cb"/>
      </symbol>
      <symbol id="sm-e76">
         <name>scalbnl</name>
         <value>0x163a4</value>
         <object_component_ref idref="oc-3cb"/>
      </symbol>
      <symbol id="sm-e77">
         <name>ldexpl</name>
         <value>0x163a4</value>
         <object_component_ref idref="oc-3cb"/>
      </symbol>
      <symbol id="sm-e78">
         <name>ldexp</name>
         <value>0x163a4</value>
         <object_component_ref idref="oc-3cb"/>
      </symbol>
      <symbol id="sm-e87">
         <name>__aeabi_memset</name>
         <value>0x16cd4</value>
         <object_component_ref idref="oc-ee"/>
      </symbol>
      <symbol id="sm-e88">
         <name>memset</name>
         <value>0x16ce0</value>
         <object_component_ref idref="oc-ee"/>
      </symbol>
      <symbol id="sm-e89">
         <name>__aeabi_memset8</name>
         <value>0x16cd4</value>
         <object_component_ref idref="oc-ee"/>
      </symbol>
      <symbol id="sm-e8a">
         <name>__aeabi_memset4</name>
         <value>0x16cd4</value>
         <object_component_ref idref="oc-ee"/>
      </symbol>
      <symbol id="sm-e8b">
         <name>__aeabi_memclr8</name>
         <value>0x16cd0</value>
         <object_component_ref idref="oc-ee"/>
      </symbol>
      <symbol id="sm-e8c">
         <name>__aeabi_memclr4</name>
         <value>0x16cd0</value>
         <object_component_ref idref="oc-ee"/>
      </symbol>
      <symbol id="sm-e8d">
         <name>__aeabi_memclr</name>
         <value>0x16cd0</value>
         <object_component_ref idref="oc-ee"/>
      </symbol>
      <symbol id="sm-e99">
         <name>__aeabi_uidivmod</name>
         <value>0x17484</value>
         <object_component_ref idref="oc-2a4"/>
      </symbol>
      <symbol id="sm-e9a">
         <name>__aeabi_uidiv</name>
         <value>0x17484</value>
         <object_component_ref idref="oc-2a4"/>
      </symbol>
      <symbol id="sm-eb1">
         <name>__aeabi_dsub</name>
         <value>0x14f94</value>
         <object_component_ref idref="oc-176"/>
      </symbol>
      <symbol id="sm-eb2">
         <name>__aeabi_dadd</name>
         <value>0x14fa0</value>
         <object_component_ref idref="oc-176"/>
      </symbol>
      <symbol id="sm-ed4">
         <name>__aeabi_cdcmpeq</name>
         <value>0x16894</value>
         <object_component_ref idref="oc-3c6"/>
      </symbol>
      <symbol id="sm-ed5">
         <name>__aeabi_cdcmple</name>
         <value>0x16894</value>
         <object_component_ref idref="oc-3c6"/>
      </symbol>
      <symbol id="sm-ed6">
         <name>__aeabi_cdrcmple</name>
         <value>0x16974</value>
         <object_component_ref idref="oc-3a7"/>
      </symbol>
      <symbol id="sm-eea">
         <name>__aeabi_ddiv</name>
         <value>0x15a38</value>
         <object_component_ref idref="oc-18a"/>
      </symbol>
      <symbol id="sm-ef5">
         <name>__aeabi_dmul</name>
         <value>0x1627c</value>
         <object_component_ref idref="oc-171"/>
      </symbol>
      <symbol id="sm-f01">
         <name>__aeabi_d2f</name>
         <value>0x16e28</value>
         <object_component_ref idref="oc-17b"/>
      </symbol>
      <symbol id="sm-f0b">
         <name>__aeabi_d2uiz</name>
         <value>0x173d8</value>
         <object_component_ref idref="oc-29d"/>
      </symbol>
      <symbol id="sm-f1c">
         <name>__aeabi_fadd</name>
         <value>0x1614c</value>
         <object_component_ref idref="oc-180"/>
      </symbol>
      <symbol id="sm-f1d">
         <name>__aeabi_fsub</name>
         <value>0x16148</value>
         <object_component_ref idref="oc-180"/>
      </symbol>
      <symbol id="sm-f2a">
         <name>__aeabi_fdiv</name>
         <value>0x16b34</value>
         <object_component_ref idref="oc-18f"/>
      </symbol>
      <symbol id="sm-f34">
         <name>__aeabi_fmul</name>
         <value>0x16d80</value>
         <object_component_ref idref="oc-1a4"/>
      </symbol>
      <symbol id="sm-f3f">
         <name>__aeabi_f2d</name>
         <value>0x1737c</value>
         <object_component_ref idref="oc-185"/>
      </symbol>
      <symbol id="sm-f49">
         <name>__aeabi_f2iz</name>
         <value>0x174d4</value>
         <object_component_ref idref="oc-19a"/>
      </symbol>
      <symbol id="sm-f53">
         <name>__aeabi_i2d</name>
         <value>0x1756c</value>
         <object_component_ref idref="oc-16c"/>
      </symbol>
      <symbol id="sm-f5e">
         <name>__aeabi_i2f</name>
         <value>0x17520</value>
         <object_component_ref idref="oc-19f"/>
      </symbol>
      <symbol id="sm-f77">
         <name>memcpy</name>
         <value>0x15bc8</value>
         <object_component_ref idref="oc-5b"/>
      </symbol>
      <symbol id="sm-f78">
         <name>__aeabi_memcpy</name>
         <value>0x15bc8</value>
         <object_component_ref idref="oc-5b"/>
      </symbol>
      <symbol id="sm-f79">
         <name>__aeabi_memcpy8</name>
         <value>0x15bc8</value>
         <object_component_ref idref="oc-5b"/>
      </symbol>
      <symbol id="sm-f7a">
         <name>__aeabi_memcpy4</name>
         <value>0x15bc8</value>
         <object_component_ref idref="oc-5b"/>
      </symbol>
      <symbol id="sm-f84">
         <name>__aeabi_ui2d</name>
         <value>0x175a8</value>
         <object_component_ref idref="oc-292"/>
      </symbol>
      <symbol id="sm-fac">
         <name>__TI_auto_init_nobinit_nopinit</name>
         <value>0x171f0</value>
         <object_component_ref idref="oc-112"/>
      </symbol>
      <symbol id="sm-fbf">
         <name>__TI_zero_init</name>
         <value>0x176e8</value>
         <object_component_ref idref="oc-6d"/>
      </symbol>
      <symbol id="sm-fd6">
         <name>__TI_decompress_none</name>
         <value>0x176d4</value>
         <object_component_ref idref="oc-17"/>
      </symbol>
      <symbol id="sm-ff9">
         <name>__TI_decompress_lzss</name>
         <value>0x16f5c</value>
         <object_component_ref idref="oc-11"/>
      </symbol>
      <symbol id="sm-1004">
         <name>C$$EXIT</name>
         <value>0x17710</value>
         <object_component_ref idref="oc-1d1"/>
      </symbol>
      <symbol id="sm-1005">
         <name>abort</name>
         <value>0x17710</value>
         <object_component_ref idref="oc-1d1"/>
      </symbol>
      <symbol id="sm-1019">
         <name>atoi</name>
         <value>0x17070</value>
         <object_component_ref idref="oc-1b5"/>
      </symbol>
      <symbol id="sm-1024">
         <name>_ctypes_</name>
         <value>0x17c48</value>
         <object_component_ref idref="oc-344"/>
      </symbol>
      <symbol id="sm-1032">
         <name>strcpy</name>
         <value>0x176a8</value>
         <object_component_ref idref="oc-1af"/>
      </symbol>
      <symbol id="sm-1040">
         <name>strlen</name>
         <value>0x17688</value>
         <object_component_ref idref="oc-310"/>
      </symbol>
      <symbol id="sm-1056">
         <name>__aeabi_errno_addr</name>
         <value>0x176f8</value>
         <object_component_ref idref="oc-3c0"/>
      </symbol>
      <symbol id="sm-1057">
         <name>errno</name>
         <value>0x8003160</value>
         <object_component_ref idref="oc-498"/>
      </symbol>
      <symbol id="sm-11a9">
         <name>__TI_printfi</name>
         <value>0xba94</value>
         <object_component_ref idref="oc-329"/>
      </symbol>
      <symbol id="sm-11b3">
         <name>copysign</name>
         <value>0x17704</value>
         <object_component_ref idref="oc-49e"/>
      </symbol>
      <symbol id="sm-11b4">
         <name>copysignl</name>
         <value>0x17704</value>
         <object_component_ref idref="oc-49e"/>
      </symbol>
      <symbol id="sm-11cc">
         <name>wcslen</name>
         <value>0x17664</value>
         <object_component_ref idref="oc-44a"/>
      </symbol>
      <symbol id="sm-11df">
         <name>frexpl</name>
         <value>0x17174</value>
         <object_component_ref idref="oc-50c"/>
      </symbol>
      <symbol id="sm-11e0">
         <name>frexp</name>
         <value>0x17174</value>
         <object_component_ref idref="oc-50c"/>
      </symbol>
      <symbol id="sm-11ea">
         <name>__aeabi_idiv0</name>
         <value>0x1771c</value>
         <object_component_ref idref="oc-3b4"/>
      </symbol>
      <symbol id="sm-11eb">
         <name>__aeabi_ldiv0</name>
         <value>0x1771c</value>
         <object_component_ref idref="oc-3b4"/>
      </symbol>
      <symbol id="sm-1207">
         <name>__aeabi_uldivmod</name>
         <value>0x143b0</value>
         <object_component_ref idref="oc-4e0"/>
      </symbol>
      <symbol id="sm-1211">
         <name>__aeabi_d2iz</name>
         <value>0x17320</value>
         <object_component_ref idref="oc-4e6"/>
      </symbol>
      <symbol id="sm-121f">
         <name>__TI_ltoa</name>
         <value>0x170f4</value>
         <object_component_ref idref="oc-4eb"/>
      </symbol>
      <symbol id="sm-122e">
         <name>memccpy</name>
         <value>0x1760c</value>
         <object_component_ref idref="oc-444"/>
      </symbol>
      <symbol id="sm-123c">
         <name>strchr</name>
         <value>0x1763c</value>
         <object_component_ref idref="oc-512"/>
      </symbol>
      <symbol id="sm-1248">
         <name>__aeabi_idivmod</name>
         <value>0x17430</value>
         <object_component_ref idref="oc-54a"/>
      </symbol>
      <symbol id="sm-1249">
         <name>__aeabi_idiv</name>
         <value>0x17430</value>
         <object_component_ref idref="oc-54a"/>
      </symbol>
      <symbol id="sm-124a">
         <name>__TI_static_base__</name>
         <value>0x0</value>
      </symbol>
      <symbol id="sm-124e">
         <name>SHT$$INIT_ARRAY$$Base</name>
         <value>0x0</value>
      </symbol>
      <symbol id="sm-124f">
         <name>SHT$$INIT_ARRAY$$Limit</name>
         <value>0x0</value>
      </symbol>
      <symbol id="sm-1250">
         <name>_system_post_cinit</name>
         <value>0x0</value>
      </symbol>
   </symbol_table>
   <title>Link successful</title>
</link_info>
